#
# A fatal error has been detected by the Java Runtime Environment:
#
#  EXCEPTION_ACCESS_VIOLATION (0xc0000005) at pc=0x00007ffb74767a32, pid=1120, tid=21656
#
# JRE version: OpenJDK Runtime Environment Temurin-25.0.3+9 (25.0.3+9) (build 25.0.3+9-LTS)
# Java VM: OpenJDK 64-Bit Server VM Temurin-25.0.3+9 (25.0.3+9-LTS, mixed mode, sharing, tiered, compressed oops, compressed class ptrs, g1 gc, windows-amd64)
# Problematic frame:
# C  [igxelpicd64.dll+0xa7a32]
#
# No core dump will be written. Minidumps are not enabled by default on client versions of Windows
#
# If you would like to submit a bug report, please visit:
#   https://github.com/adoptium/adoptium-support/issues
#

---------------  S U M M A R Y ------------

Command Line: -javaagent:C:\Program Files\JetBrains\IntelliJ IDEA 2026.1.2\lib\idea_rt.jar=52810 -Dfile.encoding=UTF-8 -Dsun.stdout.encoding=UTF-8 -Dsun.stderr.encoding=UTF-8 com.spacefarm.DesktopLauncher

Host: 11th Gen Intel(R) Core(TM) i7-11800H @ 2.30GHz, 16 cores, 15G,  Windows 11 , 64 bit Build 26100 (10.0.26100.8521)
Time: Sun Jun 14 19:22:59 2026 elapsed time: 92.370598 seconds (0d 0h 1m 32s)

---------------  T H R E A D  ---------------

Current thread (0x000001d4c23c48c0):  VMThread "VM Thread"          [id=21656, stack(0x0000000e40b00000,0x0000000e40c00000) (1024K)]

Stack: [0x0000000e40b00000,0x0000000e40c00000],  sp=0x0000000e40bfe070,  free space=1016k
Native frames: (J=compiled Java code, j=interpreted, Vv=VM code, C=native code)
C  [igxelpicd64.dll+0xa7a32]  (no source info available)
C  [igxelpicd64.dll+0x8d5df]  (no source info available)
C  [igxelpicd64.dll+0x2adefc]  (no source info available)
C  [igxelpicd64.dll+0x892f7]  (no source info available)
C  [igxelpicd64.dll+0x3a0121]  (no source info available)
C  [igxelpicd64.dll+0x3a02d3]  (no source info available)
C  [igxelpicd64.dll+0x68baf]  (no source info available)
C  [igxelpicd64.dll+0x689dd]  (no source info available)
C  [igxelpicd64.dll+0x80519b]  (no source info available)
C  [ntdll.dll+0x15dd5a]  (no source info available)
C  [ntdll.dll+0x1ba53]  (no source info available)
C  [ntdll.dll+0x88bdf]  (no source info available)
C  [ntdll.dll+0x87d5e]  (no source info available)
C  [KERNEL32.DLL+0x417fb]  (no source info available)
C  [ucrtbase.dll+0xa0813]  (no source info available)
V  [jvm.dll+0x7a26ea]  (no source info available)
V  [jvm.dll+0x7a2bb1]  (no source info available)
V  [jvm.dll+0x7a26d0]  (no source info available)
V  [jvm.dll+0x47bfa4]  (no source info available)
V  [jvm.dll+0xa00382]  (no source info available)
V  [jvm.dll+0xa016a1]  (no source info available)
V  [jvm.dll+0xa01c18]  (no source info available)
V  [jvm.dll+0xa01eb3]  (no source info available)
V  [jvm.dll+0x99894d]  (no source info available)
V  [jvm.dll+0x7a8ce5]  (no source info available)
C  [ucrtbase.dll+0x2cd30]  (no source info available)
C  [KERNEL32.DLL+0x2e957]  (no source info available)
C  [ntdll.dll+0x87c1c]  (no source info available)


siginfo: EXCEPTION_ACCESS_VIOLATION (0xc0000005), reading address 0x0000000000035898


Registers:
RAX=0x000001d4d1b996f8, RBX=0x000001d4d1b995f0, RCX=0x0000000000000000, RDX=0x00000000fffffff0
RSP=0x0000000e40bfe070, RBP=0x0000000000000000, RSI=0x000001d4d1b99bc0, RDI=0x000001d4c82b8600
R8 =0x0000000000000014, R9 =0x0000000000000000, R10=0x0000000000000000, R11=0x0000000000000246
R12=0x000001d4c840bf00, R13=0x0000000000000000, R14=0x0000000016683300, R15=0x0000000000000016
RIP=0x00007ffb74767a32, EFLAGS=0x0000000000010202

XMM[0]=0x0000000000000000 0x0000000000000000
XMM[1]=0x0000000000000000 0x0000000000000000
XMM[2]=0x0000000000000000 0x0000000000000000
XMM[3]=0x0000000000000000 0x0000000000000000
XMM[4]=0x0000000000000000 0x0000000000000000
XMM[5]=0x0000000000000000 0x0000000000000000
XMM[6]=0x0000000000000000 0x0000000000000000
XMM[7]=0x0000000000000000 0x404e000000000000
XMM[8]=0x0000000000000000 0x0000000000000000
XMM[9]=0x0000000000000000 0x0000000000000000
XMM[10]=0x0000000000000000 0x0000000000000000
XMM[11]=0x0000000000000000 0x0000000000000000
XMM[12]=0x0000000000000000 0x0000000000000000
XMM[13]=0x0000000000000000 0x0000000000000000
XMM[14]=0x0000000000000000 0x0000000000000000
XMM[15]=0x0000000000000000 0x0000000000000000
  MXCSR=0x00001fa0


Register to memory mapping:

RAX=0x000001d4d1b996f8 points into unknown readable memory: 0x0000000016683349 | 49 33 68 16 00 00 00 00
RBX=0x000001d4d1b995f0 points into unknown readable memory: 0x000001d4c825cd20 | 20 cd 25 c8 d4 01 00 00
RCX=0x0 is null
RDX=0x00000000fffffff0 is an unknown value
RSP=0x0000000e40bfe070 points into unknown readable memory: 0x000001d4c82bf480 | 80 f4 2b c8 d4 01 00 00
RBP=0x0 is null
RSI=0x000001d4d1b99bc0 points into unknown readable memory: 0x0000000000000000 | 00 00 00 00 00 00 00 00
RDI=0x000001d4c82b8600 points into unknown readable memory: 0x000001d4c83c8d00 | 00 8d 3c c8 d4 01 00 00
R8 =0x0000000000000014 is an unknown value
R9 =0x0 is null
R10=0x0 is null
R11=0x0000000000000246 is an unknown value
R12=0x000001d4c840bf00 points into unknown readable memory: 0x000001d4c840bb90 | 90 bb 40 c8 d4 01 00 00
R13=0x0 is null
R14=0x0000000016683300 is an unknown value
R15=0x0000000000000016 is an unknown value

Top of Stack: (sp=0x0000000e40bfe070)
0x0000000e40bfe070:   000001d4c82bf480 00007ffc423bc710   ..+.......;B....
0x0000000e40bfe080:   f37e0231be7d03a6 00007ffc44264094   ..}.1.~..@&D....
0x0000000e40bfe090:   bc8103a5308100c2 da81037dd1810392   ...0........}...
0x0000000e40bfe0a0:   8783035a5d83006a c284036116840391   j..]Z.......a...
0x0000000e40bfe0b0:   0000000000000017 0000000016683353   ........S3h.....
0x0000000e40bfe0c0:   0000b802206b0000 000001d4c840bf58   ..k ....X.@.....
0x0000000e40bfe0d0:   0000000000000000 0000000000000000   ................
0x0000000e40bfe0e0:   0000000e40bfe1f0 00007ffb7474d5df   ...@......tt....
0x0000000e40bfe0f0:   000001d4c82bf480 000001d4c82b8600   ..+.......+.....
0x0000000e40bfe100:   b69a03a5749a0200 619b0312de9a0300   ...t...........a
0x0000000e40bfe110:   0000000e000007b8 f8a0039900000000   ................
0x0000000e40bfe120:   0000000000000000 000040007a000004   ...........z.@..
0x0000000e40bfe130:   0000000000000000 0000000000000000   ................
0x0000000e40bfe140:   000010027a000004 0000000000000000   ...z............
0x0000000e40bfe150:   0000000000000000 001040007a000004   ...........z.@..
0x0000000e40bfe160:   0000000000000000 0000000000000000   ................
0x0000000e40bfe170:   000000007a000004 0000000000000000   ...z............
0x0000000e40bfe180:   0000000000000000 001040007a000004   ...........z.@..
0x0000000e40bfe190:   000001d4cc2a0000 0000000000000060   ..*.....`.......
0x0000000e40bfe1a0:   0000b802206b0000 00000000000007b8   ..k ............
0x0000000e40bfe1b0:   0000000000000000 40001e4000000001   ............@..@
0x0000000e40bfe1c0:   0000000000000000 0000000000000000   ................
0x0000000e40bfe1d0:   0000000000000000 0000000000000000   ................
0x0000000e40bfe1e0:   0000000000000000 0000000000000000   ................
0x0000000e40bfe1f0:   0000000000000000 0000000000000000   ................
0x0000000e40bfe200:   0000000000000000 0000000000000000   ................
0x0000000e40bfe210:   0000000000000000 0000000000000000   ................
0x0000000e40bfe220:   0000000000000000 0000000000000000   ................
0x0000000e40bfe230:   0000000000000000 0000000000000000   ................
0x0000000e40bfe240:   0000000000000000 0000000000000000   ................
0x0000000e40bfe250:   0000000000000000 0000000000000000   ................
0x0000000e40bfe260:   0000000000000000 0000000000000000   ................

Instructions: (pc=0x00007ffb74767a32)
  0x00007ffb74767932:   8b fa 48 8b e9 48 8b 1d 92 c4 f1 00 48 89 58 08
  0x00007ffb74767942:   48 8b cb ff 15 dd 48 a9 00 90 4c 8b af 78 02 00
  0x00007ffb74767952:   00 48 8b 05 c6 69 e1 00 44 8b b8 a0 0b 00 00 45
  0x00007ffb74767962:   33 d2 45 8a f2 4c 89 97 78 02 00 00 44 89 97 80
  0x00007ffb74767972:   02 00 00 4c 89 97 a0 02 00 00 4c 89 97 88 02 00
  0x00007ffb74767982:   00 48 85 ed 75 38 8b 35 22 9e f1 00 65 48 8b 04
  0x00007ffb74767992:   25 58 00 00 00 b9 14 00 00 00 48 8b 04 f0 44 38
  0x00007ffb747679a2:   14 01 0f 84 86 98 94 00 65 48 8b 04 25 58 00 00
  0x00007ffb747679b2:   00 bd 20 00 00 00 48 8b 04 f0 48 8b 2c 28 48 3b
  0x00007ffb747679c2:   2d 79 ab f1 00 45 0f 44 fa 4d 85 ed 0f 84 2b 01
  0x00007ffb747679d2:   00 00 44 8a a4 24 90 00 00 00 49 8b dd 49 8d b5
  0x00007ffb747679e2:   d0 05 00 00 4c 8b 2e 45 84 e4 0f 85 39 03 00 00
  0x00007ffb747679f2:   44 8b 8f c8 01 00 00 48 8b 05 20 69 e1 00 83 b8
  0x00007ffb74767a02:   70 03 00 00 02 75 36 41 8d 51 f0 41 83 f9 10 0f
  0x00007ffb74767a12:   83 2d 01 00 00 4a 8d 04 cd 21 00 00 00 49 03 c1
  0x00007ffb74767a22:   48 8d 04 c3 48 85 c0 0f 85 03 01 00 00 49 8b ca
=>0x00007ffb74767a32:   48 3b 8d 98 58 03 00 0f 87 fe 97 94 00 48 8d 93
  0x00007ffb74767a42:   08 01 00 00 4c 39 93 48 06 00 00 0f 85 69 99 94
  0x00007ffb74767a52:   00 44 8b 9f c8 01 00 00 48 8b 87 e0 01 00 00 4c
  0x00007ffb74767a62:   8b 10 44 8b 87 c8 01 00 00 41 83 f8 10 0f 83 fc
  0x00007ffb74767a72:   00 00 00 4b 8d 0c c0 48 8d 04 ca 48 85 c0 0f 85
  0x00007ffb74767a82:   b5 00 00 00 33 c9 49 3b ca 0f 86 11 01 00 00 45
  0x00007ffb74767a92:   33 d2 48 8b 87 78 02 00 00 48 89 06 48 89 9f 78
  0x00007ffb74767aa2:   02 00 00 ff 87 80 02 00 00 48 8b 43 08 48 8b 88
  0x00007ffb74767ab2:   18 01 00 00 48 81 e1 00 00 ff ff 48 81 c1 00 00
  0x00007ffb74767ac2:   01 00 48 01 8f 88 02 00 00 48 8b 43 08 48 8b 88
  0x00007ffb74767ad2:   18 01 00 00 48 01 8f a0 02 00 00 4d 85 ed 0f 85
  0x00007ffb74767ae2:   f6 fe ff ff 45 84 f6 44 8a a4 24 98 00 00 00 0f
  0x00007ffb74767af2:   85 11 99 94 00 48 8b 9c 24 80 00 00 00 48 8b cf
  0x00007ffb74767b02:   45 84 e4 0f 85 30 02 00 00 e8 d0 fa ff ff 90 48
  0x00007ffb74767b12:   8b cb 48 8b 9c 24 88 00 00 00 48 83 c4 40 41 5f
  0x00007ffb74767b22:   41 5e 41 5d 41 5c 5f 5e 5d 48 ff 25 ee 46 a9 00


Stack slot to memory mapping:

stack at sp + 0 slots: 0x000001d4c82bf480 points into unknown readable memory: 0xffffffffffffffff | ff ff ff ff ff ff ff ff
stack at sp + 1 slots: 0x00007ffc423bc710 USER32.dll
stack at sp + 2 slots: 0xf37e0231be7d03a6 is an unknown value
stack at sp + 3 slots: 0x00007ffc44264094 ntdll.dll
stack at sp + 4 slots: 0xbc8103a5308100c2 is an unknown value
stack at sp + 5 slots: 0xda81037dd1810392 is an unknown value
stack at sp + 6 slots: 0x8783035a5d83006a is an unknown value
stack at sp + 7 slots: 0xc284036116840391 is an unknown value

VM_Operation (0x0000000e402fee70): Exit, mode: safepoint, requested by thread 0x000001d4c240a2d0


---------------  P R O C E S S  ---------------

Threads class SMR info:
_java_thread_list=0x000001d4c2bfcfd0, length=18, elements={
0x000001d4a03ab550, 0x000001d4c23d95a0, 0x000001d4c23da010, 0x000001d4c23db8b0,
0x000001d4c23dfe60, 0x000001d4c2400cc0, 0x000001d4c24048a0, 0x000001d4c241d7b0,
0x000001d4c24215a0, 0x000001d4c2409330, 0x000001d4c2409b00, 0x000001d4c240ba40,
0x000001d4c7cf01e0, 0x000001d4c7cf1950, 0x000001d4c7ceea70, 0x000001d4c7cef240,
0x000001d4c7f482d0, 0x000001d4c240a2d0
}

Java Threads: ( => current thread )
  0x000001d4a03ab550 JavaThread "main"                              [_thread_blocked, id=23292, stack(0x0000000e40400000,0x0000000e40500000) (1024K)]
  0x000001d4c23d95a0 JavaThread "Reference Handler"          daemon [_thread_blocked, id=19260, stack(0x0000000e40c00000,0x0000000e40d00000) (1024K)]
  0x000001d4c23da010 JavaThread "Finalizer"                  daemon [_thread_blocked, id=9992, stack(0x0000000e40d00000,0x0000000e40e00000) (1024K)]
  0x000001d4c23db8b0 JavaThread "Signal Dispatcher"          daemon [_thread_blocked, id=12816, stack(0x0000000e40e00000,0x0000000e40f00000) (1024K)]
  0x000001d4c23dfe60 JavaThread "Attach Listener"            daemon [_thread_blocked, id=18652, stack(0x0000000e40f00000,0x0000000e41000000) (1024K)]
  0x000001d4c2400cc0 JavaThread "Service Thread"             daemon [_thread_blocked, id=8468, stack(0x0000000e41000000,0x0000000e41100000) (1024K)]
  0x000001d4c24048a0 JavaThread "Monitor Deflation Thread"   daemon [_thread_blocked, id=17076, stack(0x0000000e41100000,0x0000000e41200000) (1024K)]
  0x000001d4c241d7b0 JavaThread "C2 CompilerThread0"         daemon [_thread_blocked, id=4460, stack(0x0000000e41200000,0x0000000e41300000) (1024K)]
  0x000001d4c24215a0 JavaThread "C1 CompilerThread0"         daemon [_thread_blocked, id=19192, stack(0x0000000e41300000,0x0000000e41400000) (1024K)]
  0x000001d4c2409330 JavaThread "Common-Cleaner"             daemon [_thread_blocked, id=6536, stack(0x0000000e41600000,0x0000000e41700000) (1024K)]
  0x000001d4c2409b00 JavaThread "Monitor Ctrl-Break"         daemon [_thread_in_native, id=21520, stack(0x0000000e41700000,0x0000000e41800000) (1024K)]
  0x000001d4c240ba40 JavaThread "Notification Thread"        daemon [_thread_blocked, id=23376, stack(0x0000000e41800000,0x0000000e41900000) (1024K)]
  0x000001d4c7cf01e0 JavaThread "RMI TCP Accept-0"           daemon [_thread_in_native, id=7840, stack(0x0000000e42100000,0x0000000e42200000) (1024K)]
  0x000001d4c7cf1950 JavaThread "RMI TCP Connection(1)-192.168.1.195" daemon [_thread_in_native, id=21400, stack(0x0000000e42200000,0x0000000e42300000) (1024K)]
  0x000001d4c7ceea70 JavaThread "RMI Scheduler(0)"           daemon [_thread_blocked, id=22316, stack(0x0000000e42400000,0x0000000e42500000) (1024K)]
  0x000001d4c7cef240 JavaThread "JMX server connection timeout 40" daemon [_thread_blocked, id=2624, stack(0x0000000e42500000,0x0000000e42600000) (1024K)]
  0x000001d4c7f482d0 JavaThread "Thread-0"                   daemon [_thread_blocked, id=12240, stack(0x0000000e42800000,0x0000000e42900000) (1024K)]
  0x000001d4c240a2d0 JavaThread "SIGINT handler"             daemon [_thread_blocked, id=9604, stack(0x0000000e40200000,0x0000000e40300000) (1024K)]
Total: 18

Other Threads:
=>0x000001d4c23c48c0 VMThread "VM Thread"                           [id=21656, stack(0x0000000e40b00000,0x0000000e40c00000) (1024K)]
  0x000001d4a2843000 WorkerThread "GC Thread#0"                     [id=2580, stack(0x0000000e40500000,0x0000000e40600000) (1024K)]
  0x000001d4c7e93bf0 WorkerThread "GC Thread#1"                     [id=11436, stack(0x0000000e41b00000,0x0000000e41c00000) (1024K)]
  0x000001d4c7e91970 WorkerThread "GC Thread#2"                     [id=14044, stack(0x0000000e41c00000,0x0000000e41d00000) (1024K)]
  0x000001d4c7e91dc0 WorkerThread "GC Thread#3"                     [id=15416, stack(0x0000000e41d00000,0x0000000e41e00000) (1024K)]
  0x000001d4c7e92ab0 WorkerThread "GC Thread#4"                     [id=14400, stack(0x0000000e42d00000,0x0000000e42e00000) (1024K)]
  0x000001d4d1a97c10 WorkerThread "GC Thread#5"                     [id=4444, stack(0x0000000e42e00000,0x0000000e42f00000) (1024K)]
  0x000001d4d1a96ad0 WorkerThread "GC Thread#6"                     [id=16728, stack(0x0000000e42f00000,0x0000000e43000000) (1024K)]
  0x000001d4d1a98060 WorkerThread "GC Thread#7"                     [id=15860, stack(0x0000000e43000000,0x0000000e43100000) (1024K)]
  0x000001d4d1a96230 WorkerThread "GC Thread#8"                     [id=19612, stack(0x0000000e43100000,0x0000000e43200000) (1024K)]
  0x000001d4d1a9c110 WorkerThread "GC Thread#9"                     [id=22452, stack(0x0000000e40100000,0x0000000e40200000) (1024K)]
  0x000001d4a285c8c0 ConcurrentGCThread "G1 Main Marker"            terminated
  0x000001d4a285dc00 WorkerThread "G1 Conc#0"                       [id=14260, stack(0x0000000e40700000,0x0000000e40800000) (1024K)]
  0x000001d4c2287fb0 ConcurrentGCThread "G1 Refine#0"               terminated
  0x000001d4c228a9d0 ConcurrentGCThread "G1 Service"                terminated
Total: 15

Threads with active compile tasks:
Total: 0

VM state: at safepoint (shutting down)

VM Mutex/Monitor currently owned by a thread:  ([mutex/lock_event])
[0x00007ffb791593a8] ThreadsLockThrottle_lock - owner thread: 0x000001d4c23db8b0
[0x00007ffb791596a8] Threads_lock - owner thread: 0x000001d4c23c48c0
[0x00007ffb79159828] Heap_lock - owner thread: 0x000001d4c240a2d0

Heap address: 0x0000000704a00000, size: 4022 MB, Compressed Oops mode: Zero based, Oop shift amount: 3

CDS archive(s) mapped at: [0x0000000026000000-0x0000000026dd0000-0x0000000026dd0000), size 14483456, SharedBaseAddress: 0x0000000026000000, ArchiveRelocationMode: 1.
Compressed class space mapped at: 0x0000000027000000-0x0000000067000000, reserved size: 1073741824
UseCompressedClassPointers 1, UseCompactObjectHeaders 0
Narrow klass pointer bits 32, Max shift 3
Narrow klass base: 0x0000000026000000, Narrow klass shift: 0
Encoding Range: [0x0000000026000000 - 0x0000000126000000), (4294967296 bytes)
Klass Range:    [0x0000000026010000 - 0x0000000067000000), (1090453504 bytes)
Klass ID Range:  [65536 - 1090519033) (1090453497)
Protection zone: [0x0000000026000000 - 0x0000000026010000), (65536 bytes)

GC Precious Log:
 CardTable entry size: 512
 Card Set container configuration: InlinePtr #cards 4 size 8 Array Of Cards #cards 16 size 48 Howl #buckets 8 coarsen threshold 3686 Howl Bitmap #cards 512 size 80 coarsen threshold 460 Card regions per heap region 1 cards per card region 4096
 CPUs: 16 total, 16 available
 Memory: 16085M
 Large Page Support: Disabled
 NUMA Support: Disabled
 Compressed Oops: Enabled (Zero based)
 Heap Region Size: 2M
 Heap Min Capacity: 8M
 Heap Initial Capacity: 252M
 Heap Max Capacity: 4022M
 Pre-touch: Disabled
 Parallel Workers: 13
 Concurrent Workers: 3
 Concurrent Refinement Workers: 13
 Periodic GC: Disabled

Heap:
 garbage-first heap   total reserved 4118528K, committed 260096K, used 98599K [0x0000000704a00000, 0x0000000800000000)
  region size 2048K, 49 young (100352K), 5 survivors (10240K)

Heap Regions: E=young(eden), S=young(survivor), O=old, HS=humongous(starts), HC=humongous(continues), CS=collection set, F=free, TAMS=top-at-mark-start, PB=parsable bottom
|   0|0x0000000704a00000, 0x0000000704a00000, 0x0000000704c00000|  0%| F|  |TAMS 0x0000000704a00000| PB 0x0000000704a00000| Untracked |  0
|   1|0x0000000704c00000, 0x0000000704c00000, 0x0000000704e00000|  0%| F|  |TAMS 0x0000000704c00000| PB 0x0000000704c00000| Untracked |  0
|   2|0x0000000704e00000, 0x0000000704e00000, 0x0000000705000000|  0%| F|  |TAMS 0x0000000704e00000| PB 0x0000000704e00000| Untracked |  0
|   3|0x0000000705000000, 0x0000000705000000, 0x0000000705200000|  0%| F|  |TAMS 0x0000000705000000| PB 0x0000000705000000| Untracked |  0
|   4|0x0000000705200000, 0x0000000705200000, 0x0000000705400000|  0%| F|  |TAMS 0x0000000705200000| PB 0x0000000705200000| Untracked |  0
|   5|0x0000000705400000, 0x0000000705400000, 0x0000000705600000|  0%| F|  |TAMS 0x0000000705400000| PB 0x0000000705400000| Untracked |  0
|   6|0x0000000705600000, 0x0000000705600000, 0x0000000705800000|  0%| F|  |TAMS 0x0000000705600000| PB 0x0000000705600000| Untracked |  0
|   7|0x0000000705800000, 0x0000000705800000, 0x0000000705a00000|  0%| F|  |TAMS 0x0000000705800000| PB 0x0000000705800000| Untracked |  0
|   8|0x0000000705a00000, 0x0000000705a00000, 0x0000000705c00000|  0%| F|  |TAMS 0x0000000705a00000| PB 0x0000000705a00000| Untracked |  0
|   9|0x0000000705c00000, 0x0000000705c00000, 0x0000000705e00000|  0%| F|  |TAMS 0x0000000705c00000| PB 0x0000000705c00000| Untracked |  0
|  10|0x0000000705e00000, 0x0000000705e00000, 0x0000000706000000|  0%| F|  |TAMS 0x0000000705e00000| PB 0x0000000705e00000| Untracked |  0
|  11|0x0000000706000000, 0x0000000706000000, 0x0000000706200000|  0%| F|  |TAMS 0x0000000706000000| PB 0x0000000706000000| Untracked |  0
|  12|0x0000000706200000, 0x0000000706200000, 0x0000000706400000|  0%| F|  |TAMS 0x0000000706200000| PB 0x0000000706200000| Untracked |  0
|  13|0x0000000706400000, 0x0000000706400000, 0x0000000706600000|  0%| F|  |TAMS 0x0000000706400000| PB 0x0000000706400000| Untracked |  0
|  14|0x0000000706600000, 0x0000000706600000, 0x0000000706800000|  0%| F|  |TAMS 0x0000000706600000| PB 0x0000000706600000| Untracked |  0
|  15|0x0000000706800000, 0x0000000706800000, 0x0000000706a00000|  0%| F|  |TAMS 0x0000000706800000| PB 0x0000000706800000| Untracked |  0
|  16|0x0000000706a00000, 0x0000000706a00000, 0x0000000706c00000|  0%| F|  |TAMS 0x0000000706a00000| PB 0x0000000706a00000| Untracked |  0
|  17|0x0000000706c00000, 0x0000000706c00000, 0x0000000706e00000|  0%| F|  |TAMS 0x0000000706c00000| PB 0x0000000706c00000| Untracked |  0
|  18|0x0000000706e00000, 0x0000000706e00000, 0x0000000707000000|  0%| F|  |TAMS 0x0000000706e00000| PB 0x0000000706e00000| Untracked |  0
|  19|0x0000000707000000, 0x0000000707000000, 0x0000000707200000|  0%| F|  |TAMS 0x0000000707000000| PB 0x0000000707000000| Untracked |  0
|  20|0x0000000707200000, 0x0000000707200000, 0x0000000707400000|  0%| F|  |TAMS 0x0000000707200000| PB 0x0000000707200000| Untracked |  0
|  21|0x0000000707400000, 0x0000000707400000, 0x0000000707600000|  0%| F|  |TAMS 0x0000000707400000| PB 0x0000000707400000| Untracked |  0
|  22|0x0000000707600000, 0x0000000707600000, 0x0000000707800000|  0%| F|  |TAMS 0x0000000707600000| PB 0x0000000707600000| Untracked |  0
|  23|0x0000000707800000, 0x0000000707800000, 0x0000000707a00000|  0%| F|  |TAMS 0x0000000707800000| PB 0x0000000707800000| Untracked |  0
|  24|0x0000000707a00000, 0x0000000707a00000, 0x0000000707c00000|  0%| F|  |TAMS 0x0000000707a00000| PB 0x0000000707a00000| Untracked |  0
|  25|0x0000000707c00000, 0x0000000707c00000, 0x0000000707e00000|  0%| F|  |TAMS 0x0000000707c00000| PB 0x0000000707c00000| Untracked |  0
|  26|0x0000000707e00000, 0x0000000707e00000, 0x0000000708000000|  0%| F|  |TAMS 0x0000000707e00000| PB 0x0000000707e00000| Untracked |  0
|  27|0x0000000708000000, 0x0000000708000000, 0x0000000708200000|  0%| F|  |TAMS 0x0000000708000000| PB 0x0000000708000000| Untracked |  0
|  28|0x0000000708200000, 0x0000000708200000, 0x0000000708400000|  0%| F|  |TAMS 0x0000000708200000| PB 0x0000000708200000| Untracked |  0
|  29|0x0000000708400000, 0x0000000708400000, 0x0000000708600000|  0%| F|  |TAMS 0x0000000708400000| PB 0x0000000708400000| Untracked |  0
|  30|0x0000000708600000, 0x0000000708600000, 0x0000000708800000|  0%| F|  |TAMS 0x0000000708600000| PB 0x0000000708600000| Untracked |  0
|  31|0x0000000708800000, 0x0000000708800000, 0x0000000708a00000|  0%| F|  |TAMS 0x0000000708800000| PB 0x0000000708800000| Untracked |  0
|  32|0x0000000708a00000, 0x0000000708a00000, 0x0000000708c00000|  0%| F|  |TAMS 0x0000000708a00000| PB 0x0000000708a00000| Untracked |  0
|  33|0x0000000708c00000, 0x0000000708c00000, 0x0000000708e00000|  0%| F|  |TAMS 0x0000000708c00000| PB 0x0000000708c00000| Untracked |  0
|  34|0x0000000708e00000, 0x0000000708e00000, 0x0000000709000000|  0%| F|  |TAMS 0x0000000708e00000| PB 0x0000000708e00000| Untracked |  0
|  35|0x0000000709000000, 0x0000000709000000, 0x0000000709200000|  0%| F|  |TAMS 0x0000000709000000| PB 0x0000000709000000| Untracked |  0
|  36|0x0000000709200000, 0x0000000709200000, 0x0000000709400000|  0%| F|  |TAMS 0x0000000709200000| PB 0x0000000709200000| Untracked |  0
|  37|0x0000000709400000, 0x0000000709400000, 0x0000000709600000|  0%| F|  |TAMS 0x0000000709400000| PB 0x0000000709400000| Untracked |  0
|  38|0x0000000709600000, 0x0000000709600000, 0x0000000709800000|  0%| F|  |TAMS 0x0000000709600000| PB 0x0000000709600000| Untracked |  0
|  39|0x0000000709800000, 0x0000000709800000, 0x0000000709a00000|  0%| F|  |TAMS 0x0000000709800000| PB 0x0000000709800000| Untracked |  0
|  40|0x0000000709a00000, 0x0000000709a00000, 0x0000000709c00000|  0%| F|  |TAMS 0x0000000709a00000| PB 0x0000000709a00000| Untracked |  0
|  41|0x0000000709c00000, 0x0000000709c00000, 0x0000000709e00000|  0%| F|  |TAMS 0x0000000709c00000| PB 0x0000000709c00000| Untracked |  0
|  42|0x0000000709e00000, 0x0000000709e00000, 0x000000070a000000|  0%| F|  |TAMS 0x0000000709e00000| PB 0x0000000709e00000| Untracked |  0
|  43|0x000000070a000000, 0x000000070a000000, 0x000000070a200000|  0%| F|  |TAMS 0x000000070a000000| PB 0x000000070a000000| Untracked |  0
|  44|0x000000070a200000, 0x000000070a200000, 0x000000070a400000|  0%| F|  |TAMS 0x000000070a200000| PB 0x000000070a200000| Untracked |  0
|  45|0x000000070a400000, 0x000000070a400000, 0x000000070a600000|  0%| F|  |TAMS 0x000000070a400000| PB 0x000000070a400000| Untracked |  0
|  46|0x000000070a600000, 0x000000070a725340, 0x000000070a800000| 57%| S|CS|TAMS 0x000000070a600000| PB 0x000000070a600000| Complete |  0
|  47|0x000000070a800000, 0x000000070aa00000, 0x000000070aa00000|100%| S|CS|TAMS 0x000000070a800000| PB 0x000000070a800000| Complete |  0
|  48|0x000000070aa00000, 0x000000070ac00000, 0x000000070ac00000|100%| S|CS|TAMS 0x000000070aa00000| PB 0x000000070aa00000| Complete |  0
|  49|0x000000070ac00000, 0x000000070ae00000, 0x000000070ae00000|100%| S|CS|TAMS 0x000000070ac00000| PB 0x000000070ac00000| Complete |  0
|  50|0x000000070ae00000, 0x000000070b000000, 0x000000070b000000|100%| S|CS|TAMS 0x000000070ae00000| PB 0x000000070ae00000| Complete |  0
|  51|0x000000070b000000, 0x000000070b000000, 0x000000070b200000|  0%| F|  |TAMS 0x000000070b000000| PB 0x000000070b000000| Untracked |  0
|  52|0x000000070b200000, 0x000000070b200000, 0x000000070b400000|  0%| F|  |TAMS 0x000000070b200000| PB 0x000000070b200000| Untracked |  0
|  53|0x000000070b400000, 0x000000070b400000, 0x000000070b600000|  0%| F|  |TAMS 0x000000070b400000| PB 0x000000070b400000| Untracked |  0
|  54|0x000000070b600000, 0x000000070b600000, 0x000000070b800000|  0%| F|  |TAMS 0x000000070b600000| PB 0x000000070b600000| Untracked |  0
|  55|0x000000070b800000, 0x000000070b800000, 0x000000070ba00000|  0%| F|  |TAMS 0x000000070b800000| PB 0x000000070b800000| Untracked |  0
|  56|0x000000070ba00000, 0x000000070ba00000, 0x000000070bc00000|  0%| F|  |TAMS 0x000000070ba00000| PB 0x000000070ba00000| Untracked |  0
|  57|0x000000070bc00000, 0x000000070bc00000, 0x000000070be00000|  0%| F|  |TAMS 0x000000070bc00000| PB 0x000000070bc00000| Untracked |  0
|  58|0x000000070be00000, 0x000000070be00000, 0x000000070c000000|  0%| F|  |TAMS 0x000000070be00000| PB 0x000000070be00000| Untracked |  0
|  59|0x000000070c000000, 0x000000070c000000, 0x000000070c200000|  0%| F|  |TAMS 0x000000070c000000| PB 0x000000070c000000| Untracked |  0
|  60|0x000000070c200000, 0x000000070c200000, 0x000000070c400000|  0%| F|  |TAMS 0x000000070c200000| PB 0x000000070c200000| Untracked |  0
|  61|0x000000070c400000, 0x000000070c400000, 0x000000070c600000|  0%| F|  |TAMS 0x000000070c400000| PB 0x000000070c400000| Untracked |  0
|  62|0x000000070c600000, 0x000000070c600000, 0x000000070c800000|  0%| F|  |TAMS 0x000000070c600000| PB 0x000000070c600000| Untracked |  0
|  63|0x000000070c800000, 0x000000070c800000, 0x000000070ca00000|  0%| F|  |TAMS 0x000000070c800000| PB 0x000000070c800000| Untracked |  0
|  64|0x000000070ca00000, 0x000000070ca00000, 0x000000070cc00000|  0%| F|  |TAMS 0x000000070ca00000| PB 0x000000070ca00000| Untracked |  0
|  65|0x000000070cc00000, 0x000000070cc00000, 0x000000070ce00000|  0%| F|  |TAMS 0x000000070cc00000| PB 0x000000070cc00000| Untracked |  0
|  66|0x000000070ce00000, 0x000000070ce00000, 0x000000070d000000|  0%| F|  |TAMS 0x000000070ce00000| PB 0x000000070ce00000| Untracked |  0
|  67|0x000000070d000000, 0x000000070d000000, 0x000000070d200000|  0%| F|  |TAMS 0x000000070d000000| PB 0x000000070d000000| Untracked |  0
|  68|0x000000070d200000, 0x000000070d200000, 0x000000070d400000|  0%| F|  |TAMS 0x000000070d200000| PB 0x000000070d200000| Untracked |  0
|  69|0x000000070d400000, 0x000000070d400000, 0x000000070d600000|  0%| F|  |TAMS 0x000000070d400000| PB 0x000000070d400000| Untracked |  0
|  70|0x000000070d600000, 0x000000070d600000, 0x000000070d800000|  0%| F|  |TAMS 0x000000070d600000| PB 0x000000070d600000| Untracked |  0
|  71|0x000000070d800000, 0x000000070d800000, 0x000000070da00000|  0%| F|  |TAMS 0x000000070d800000| PB 0x000000070d800000| Untracked |  0
|  72|0x000000070da00000, 0x000000070da00000, 0x000000070dc00000|  0%| F|  |TAMS 0x000000070da00000| PB 0x000000070da00000| Untracked |  0
|  73|0x000000070dc00000, 0x000000070dc00000, 0x000000070de00000|  0%| F|  |TAMS 0x000000070dc00000| PB 0x000000070dc00000| Untracked |  0
|  74|0x000000070de00000, 0x000000070de00000, 0x000000070e000000|  0%| F|  |TAMS 0x000000070de00000| PB 0x000000070de00000| Untracked |  0
|  75|0x000000070e000000, 0x000000070e000000, 0x000000070e200000|  0%| F|  |TAMS 0x000000070e000000| PB 0x000000070e000000| Untracked |  0
|  76|0x000000070e200000, 0x000000070e200000, 0x000000070e400000|  0%| F|  |TAMS 0x000000070e200000| PB 0x000000070e200000| Untracked |  0
|  77|0x000000070e400000, 0x000000070e400000, 0x000000070e600000|  0%| F|  |TAMS 0x000000070e400000| PB 0x000000070e400000| Untracked |  0
|  78|0x000000070e600000, 0x000000070e600000, 0x000000070e800000|  0%| F|  |TAMS 0x000000070e600000| PB 0x000000070e600000| Untracked |  0
|  79|0x000000070e800000, 0x000000070e800000, 0x000000070ea00000|  0%| F|  |TAMS 0x000000070e800000| PB 0x000000070e800000| Untracked |  0
|  80|0x000000070ea00000, 0x000000070ea00000, 0x000000070ec00000|  0%| F|  |TAMS 0x000000070ea00000| PB 0x000000070ea00000| Untracked |  0
|  81|0x000000070ec00000, 0x000000070ec00000, 0x000000070ee00000|  0%| F|  |TAMS 0x000000070ec00000| PB 0x000000070ec00000| Untracked |  0
|  82|0x000000070ee00000, 0x000000070ef1ebf0, 0x000000070f000000| 56%| E|  |TAMS 0x000000070ee00000| PB 0x000000070ee00000| Complete |  0
|  83|0x000000070f000000, 0x000000070f200000, 0x000000070f200000|100%| E|CS|TAMS 0x000000070f000000| PB 0x000000070f000000| Complete |  0
|  84|0x000000070f200000, 0x000000070f400000, 0x000000070f400000|100%| E|CS|TAMS 0x000000070f200000| PB 0x000000070f200000| Complete |  0
|  85|0x000000070f400000, 0x000000070f600000, 0x000000070f600000|100%| E|CS|TAMS 0x000000070f400000| PB 0x000000070f400000| Complete |  0
|  86|0x000000070f600000, 0x000000070f800000, 0x000000070f800000|100%| E|CS|TAMS 0x000000070f600000| PB 0x000000070f600000| Complete |  0
|  87|0x000000070f800000, 0x000000070fa00000, 0x000000070fa00000|100%| E|CS|TAMS 0x000000070f800000| PB 0x000000070f800000| Complete |  0
|  88|0x000000070fa00000, 0x000000070fc00000, 0x000000070fc00000|100%| E|CS|TAMS 0x000000070fa00000| PB 0x000000070fa00000| Complete |  0
|  89|0x000000070fc00000, 0x000000070fe00000, 0x000000070fe00000|100%| E|CS|TAMS 0x000000070fc00000| PB 0x000000070fc00000| Complete |  0
|  90|0x000000070fe00000, 0x0000000710000000, 0x0000000710000000|100%| E|CS|TAMS 0x000000070fe00000| PB 0x000000070fe00000| Complete |  0
|  91|0x0000000710000000, 0x0000000710200000, 0x0000000710200000|100%| E|CS|TAMS 0x0000000710000000| PB 0x0000000710000000| Complete |  0
|  92|0x0000000710200000, 0x0000000710400000, 0x0000000710400000|100%| E|CS|TAMS 0x0000000710200000| PB 0x0000000710200000| Complete |  0
|  93|0x0000000710400000, 0x0000000710600000, 0x0000000710600000|100%| E|CS|TAMS 0x0000000710400000| PB 0x0000000710400000| Complete |  0
|  94|0x0000000710600000, 0x0000000710800000, 0x0000000710800000|100%| E|CS|TAMS 0x0000000710600000| PB 0x0000000710600000| Complete |  0
|  95|0x0000000710800000, 0x0000000710a00000, 0x0000000710a00000|100%| E|CS|TAMS 0x0000000710800000| PB 0x0000000710800000| Complete |  0
|  96|0x0000000710a00000, 0x0000000710c00000, 0x0000000710c00000|100%| E|CS|TAMS 0x0000000710a00000| PB 0x0000000710a00000| Complete |  0
|  97|0x0000000710c00000, 0x0000000710e00000, 0x0000000710e00000|100%| E|CS|TAMS 0x0000000710c00000| PB 0x0000000710c00000| Complete |  0
|  98|0x0000000710e00000, 0x0000000711000000, 0x0000000711000000|100%| E|CS|TAMS 0x0000000710e00000| PB 0x0000000710e00000| Complete |  0
|  99|0x0000000711000000, 0x0000000711200000, 0x0000000711200000|100%| E|CS|TAMS 0x0000000711000000| PB 0x0000000711000000| Complete |  0
| 100|0x0000000711200000, 0x0000000711400000, 0x0000000711400000|100%| E|CS|TAMS 0x0000000711200000| PB 0x0000000711200000| Complete |  0
| 101|0x0000000711400000, 0x0000000711600000, 0x0000000711600000|100%| E|CS|TAMS 0x0000000711400000| PB 0x0000000711400000| Complete |  0
| 102|0x0000000711600000, 0x0000000711800000, 0x0000000711800000|100%| E|CS|TAMS 0x0000000711600000| PB 0x0000000711600000| Complete |  0
| 103|0x0000000711800000, 0x0000000711a00000, 0x0000000711a00000|100%| E|CS|TAMS 0x0000000711800000| PB 0x0000000711800000| Complete |  0
| 104|0x0000000711a00000, 0x0000000711c00000, 0x0000000711c00000|100%| E|CS|TAMS 0x0000000711a00000| PB 0x0000000711a00000| Complete |  0
| 105|0x0000000711c00000, 0x0000000711e00000, 0x0000000711e00000|100%| E|CS|TAMS 0x0000000711c00000| PB 0x0000000711c00000| Complete |  0
| 106|0x0000000711e00000, 0x0000000712000000, 0x0000000712000000|100%| E|CS|TAMS 0x0000000711e00000| PB 0x0000000711e00000| Complete |  0
| 107|0x0000000712000000, 0x0000000712200000, 0x0000000712200000|100%| E|CS|TAMS 0x0000000712000000| PB 0x0000000712000000| Complete |  0
| 108|0x0000000712200000, 0x0000000712400000, 0x0000000712400000|100%| E|CS|TAMS 0x0000000712200000| PB 0x0000000712200000| Complete |  0
| 109|0x0000000712400000, 0x0000000712600000, 0x0000000712600000|100%| E|CS|TAMS 0x0000000712400000| PB 0x0000000712400000| Complete |  0
| 110|0x0000000712600000, 0x0000000712800000, 0x0000000712800000|100%| E|CS|TAMS 0x0000000712600000| PB 0x0000000712600000| Complete |  0
| 111|0x0000000712800000, 0x0000000712a00000, 0x0000000712a00000|100%| E|CS|TAMS 0x0000000712800000| PB 0x0000000712800000| Complete |  0
| 112|0x0000000712a00000, 0x0000000712c00000, 0x0000000712c00000|100%| E|CS|TAMS 0x0000000712a00000| PB 0x0000000712a00000| Complete |  0
| 113|0x0000000712c00000, 0x0000000712e00000, 0x0000000712e00000|100%| E|CS|TAMS 0x0000000712c00000| PB 0x0000000712c00000| Complete |  0
| 114|0x0000000712e00000, 0x0000000713000000, 0x0000000713000000|100%| E|CS|TAMS 0x0000000712e00000| PB 0x0000000712e00000| Complete |  0
| 115|0x0000000713000000, 0x0000000713200000, 0x0000000713200000|100%| E|CS|TAMS 0x0000000713000000| PB 0x0000000713000000| Complete |  0
| 116|0x0000000713200000, 0x0000000713400000, 0x0000000713400000|100%| E|CS|TAMS 0x0000000713200000| PB 0x0000000713200000| Complete |  0
| 117|0x0000000713400000, 0x0000000713600000, 0x0000000713600000|100%| E|CS|TAMS 0x0000000713400000| PB 0x0000000713400000| Complete |  0
| 118|0x0000000713600000, 0x0000000713800000, 0x0000000713800000|100%| E|CS|TAMS 0x0000000713600000| PB 0x0000000713600000| Complete |  0
| 119|0x0000000713800000, 0x0000000713a00000, 0x0000000713a00000|100%| E|CS|TAMS 0x0000000713800000| PB 0x0000000713800000| Complete |  0
| 120|0x0000000713a00000, 0x0000000713c00000, 0x0000000713c00000|100%| E|CS|TAMS 0x0000000713a00000| PB 0x0000000713a00000| Complete |  0
| 121|0x0000000713c00000, 0x0000000713e00000, 0x0000000713e00000|100%| E|CS|TAMS 0x0000000713c00000| PB 0x0000000713c00000| Complete |  0
| 122|0x0000000713e00000, 0x0000000714000000, 0x0000000714000000|100%| E|CS|TAMS 0x0000000713e00000| PB 0x0000000713e00000| Complete |  0
| 123|0x0000000714000000, 0x0000000714200000, 0x0000000714200000|100%| E|CS|TAMS 0x0000000714000000| PB 0x0000000714000000| Complete |  0
| 124|0x0000000714200000, 0x0000000714400000, 0x0000000714400000|100%| E|CS|TAMS 0x0000000714200000| PB 0x0000000714200000| Complete |  0
| 125|0x0000000714400000, 0x0000000714600000, 0x0000000714600000|100%| E|CS|TAMS 0x0000000714400000| PB 0x0000000714400000| Complete |  0
|2010|0x00000007ffe00000, 0x00000007fff248e8, 0x0000000800000000| 57%| O|  |TAMS 0x00000007ffe00000| PB 0x00000007ffe00000| Untracked |  0

Card table byte_map: [0x000001d4bb450000,0x000001d4bbc30000] _byte_map_base: 0x000001d4b7c2b000

Marking Bits: (CMBitMap*) 0x000001d4a2843790
 Bits: [0x000001d4bbc30000, 0x000001d4bfb08000)

Polling page: 0x000001d4a06a0000

Metaspace:
Metaspace        used 13666K, committed 13952K, reserved 1114112K
 class space     used 1220K, committed 1344K, reserved 1048576K

Usage:
  Non-class:     12.15 MB used.
      Class:      1.19 MB used.
       Both:     13.35 MB used.

Virtual space:
  Non-class space:       64.00 MB reserved,      12.31 MB ( 19%) committed,  1 nodes.
      Class space:        1.00 GB reserved,       1.31 MB ( <1%) committed,  1 nodes.
             Both:        1.06 GB reserved,      13.62 MB (  1%) committed. 

Chunk freelists:
   Non-Class:  3.71 MB
       Class:  14.51 MB
        Both:  18.22 MB

MaxMetaspaceSize: unlimited
CompressedClassSpaceSize: 1.00 GB
Initial GC threshold: 21.00 MB
Current GC threshold: 21.00 MB
CDS: on
 - commit_granule_bytes: 65536.
 - commit_granule_words: 8192.
 - virtual_space_node_default_size: 8388608.
 - enlarge_chunks_in_place: 1.
UseCompressedClassPointers 1, UseCompactObjectHeaders 0
Narrow klass pointer bits 32, Max shift 3
Narrow klass base: 0x0000000026000000, Narrow klass shift: 0
Encoding Range: [0x0000000026000000 - 0x0000000126000000), (4294967296 bytes)
Klass Range:    [0x0000000026010000 - 0x0000000067000000), (1090453504 bytes)
Klass ID Range:  [65536 - 1090519033) (1090453497)
Protection zone: [0x0000000026000000 - 0x0000000026010000), (65536 bytes)


Internal statistics:

num_allocs_failed_limit: 0.
num_arena_births: 258.
num_arena_deaths: 0.
num_vsnodes_births: 2.
num_vsnodes_deaths: 0.
num_space_committed: 217.
num_space_uncommitted: 0.
num_chunks_returned_to_freelist: 0.
num_chunks_taken_from_freelist: 567.
num_chunk_merges: 0.
num_chunk_splits: 370.
num_chunks_enlarged: 259.
num_inconsistent_stats: 0.

CodeHeap 'non-profiled nmethods': size=119168Kb used=1685Kb max_used=1685Kb free=117482Kb
 bounds [0x000001d4b2e80000, 0x000001d4b30f0000, 0x000001d4ba2e0000]
CodeHeap 'profiled nmethods': size=119168Kb used=5442Kb max_used=5442Kb free=113725Kb
 bounds [0x000001d4ab2d0000, 0x000001d4ab830000, 0x000001d4b2730000]
CodeHeap 'non-nmethods': size=7488Kb used=2370Kb max_used=4116Kb free=5117Kb
 bounds [0x000001d4b2730000, 0x000001d4b2b50000, 0x000001d4b2e80000]
CodeCache: size=245824Kb, used=9497Kb, max_used=11243Kb, free=236324Kb
 total_blobs=4974, nmethods=3765, adapters=1112, full_count=0
Compilation: enabled, stopped_count=0, restarted_count=0

Compilation events (20 events):
Event: 87.466 Thread 0x000001d4c24215a0 3756   !   3       com.sun.jmx.mbeanserver.Repository::retrieve (100 bytes)
Event: 87.467 Thread 0x000001d4c24215a0 nmethod 3756 0x000001d4ab819a88 code [0x000001d4ab819b80, 0x000001d4ab81af98]
Event: 89.500 Thread 0x000001d4c24215a0 3757       3       java.lang.invoke.LambdaForm$DMH/0x00000000270d8800::invokeInterface (33 bytes)
Event: 89.500 Thread 0x000001d4c24215a0 nmethod 3757 0x000001d4ab81b008 code [0x000001d4ab81b100, 0x000001d4ab81b898]
Event: 89.500 Thread 0x000001d4c24215a0 3758   !   3       javax.management.remote.rmi.RMIConnectionImpl::getAttribute (162 bytes)
Event: 89.501 Thread 0x000001d4c24215a0 nmethod 3758 0x000001d4ab81b908 code [0x000001d4ab81ba00, 0x000001d4ab81d220]
Event: 89.501 Thread 0x000001d4c24215a0 3759       3       com.sun.jmx.mbeanserver.JmxMBeanServer::getAttribute (16 bytes)
Event: 89.501 Thread 0x000001d4c24215a0 nmethod 3759 0x000001d4ab81d288 code [0x000001d4ab81d380, 0x000001d4ab81db50]
Event: 89.501 Thread 0x000001d4c24215a0 3760   !   3       com.sun.jmx.interceptor.DefaultMBeanServerInterceptor::getAttribute (124 bytes)
Event: 89.502 Thread 0x000001d4c24215a0 nmethod 3760 0x000001d4ab81db88 code [0x000001d4ab81dc80, 0x000001d4ab81f6e0]
Event: 89.502 Thread 0x000001d4c24215a0 3761       3       javax.management.StandardMBean::getAttribute (9 bytes)
Event: 89.503 Thread 0x000001d4c24215a0 nmethod 3761 0x000001d4ab81f708 code [0x000001d4ab81f800, 0x000001d4ab81fb98]
Event: 89.503 Thread 0x000001d4c24215a0 3762       3       com.sun.jmx.mbeanserver.MBeanSupport::getAttribute (17 bytes)
Event: 89.503 Thread 0x000001d4c24215a0 nmethod 3762 0x000001d4ab81fc08 code [0x000001d4ab81fd00, 0x000001d4ab81ffb0]
Event: 89.503 Thread 0x000001d4c24215a0 3763       3       com.sun.jmx.mbeanserver.PerInterface::getAttribute (75 bytes)
Event: 89.503 Thread 0x000001d4c24215a0 nmethod 3763 0x000001d4ab820008 code [0x000001d4ab820100, 0x000001d4ab8206b8]
Event: 89.534 Thread 0x000001d4c241d7b0 3764       4       java.lang.ref.Reference::refersToImpl (6 bytes)
Event: 89.535 Thread 0x000001d4c241d7b0 nmethod 3764 0x000001d4b3025208 code [0x000001d4b3025300, 0x000001d4b3025388]
Event: 92.036 Thread 0x000001d4c24215a0 3765       3       java.util.logging.LogManager::getProperty (9 bytes)
Event: 92.037 Thread 0x000001d4c24215a0 nmethod 3765 0x000001d4ab820708 code [0x000001d4ab820800, 0x000001d4ab8209d0]

GC Heap Usage History (20 events):
Event: 21.740 {heap Before GC invocations=3 (full 0):
 garbage-first heap   total reserved 4118528K, committed 260096K, used 153135K [0x0000000704a00000, 0x0000000800000000)
  region size 2048K, 75 young (153600K), 5 survivors (10240K)
}
Event: 21.745 {heap After GC invocations=4 (full 0):
 garbage-first heap   total reserved 4118528K, committed 260096K, used 10103K [0x0000000704a00000, 0x0000000800000000)
  region size 2048K, 5 young (10240K), 5 survivors (10240K)
}
Event: 29.341 {heap Before GC invocations=4 (full 0):
 garbage-first heap   total reserved 4118528K, committed 260096K, used 153463K [0x0000000704a00000, 0x0000000800000000)
  region size 2048K, 75 young (153600K), 5 survivors (10240K)
}
Event: 29.346 {heap After GC invocations=5 (full 0):
 garbage-first heap   total reserved 4118528K, committed 260096K, used 10084K [0x0000000704a00000, 0x0000000800000000)
  region size 2048K, 5 young (10240K), 5 survivors (10240K)
}
Event: 36.396 {heap Before GC invocations=5 (full 0):
 garbage-first heap   total reserved 4118528K, committed 260096K, used 153444K [0x0000000704a00000, 0x0000000800000000)
  region size 2048K, 75 young (153600K), 5 survivors (10240K)
}
Event: 36.402 {heap After GC invocations=6 (full 0):
 garbage-first heap   total reserved 4118528K, committed 260096K, used 10288K [0x0000000704a00000, 0x0000000800000000)
  region size 2048K, 5 young (10240K), 5 survivors (10240K)
}
Event: 43.678 {heap Before GC invocations=6 (full 0):
 garbage-first heap   total reserved 4118528K, committed 260096K, used 153648K [0x0000000704a00000, 0x0000000800000000)
  region size 2048K, 75 young (153600K), 5 survivors (10240K)
}
Event: 43.683 {heap After GC invocations=7 (full 0):
 garbage-first heap   total reserved 4118528K, committed 260096K, used 10757K [0x0000000704a00000, 0x0000000800000000)
  region size 2048K, 5 young (10240K), 5 survivors (10240K)
}
Event: 50.774 {heap Before GC invocations=7 (full 0):
 garbage-first heap   total reserved 4118528K, committed 260096K, used 154117K [0x0000000704a00000, 0x0000000800000000)
  region size 2048K, 75 young (153600K), 5 survivors (10240K)
}
Event: 50.779 {heap After GC invocations=8 (full 0):
 garbage-first heap   total reserved 4118528K, committed 260096K, used 10520K [0x0000000704a00000, 0x0000000800000000)
  region size 2048K, 5 young (10240K), 5 survivors (10240K)
}
Event: 58.135 {heap Before GC invocations=8 (full 0):
 garbage-first heap   total reserved 4118528K, committed 260096K, used 153880K [0x0000000704a00000, 0x0000000800000000)
  region size 2048K, 75 young (153600K), 5 survivors (10240K)
}
Event: 58.140 {heap After GC invocations=9 (full 0):
 garbage-first heap   total reserved 4118528K, committed 260096K, used 10106K [0x0000000704a00000, 0x0000000800000000)
  region size 2048K, 5 young (10240K), 5 survivors (10240K)
}
Event: 65.230 {heap Before GC invocations=9 (full 0):
 garbage-first heap   total reserved 4118528K, committed 260096K, used 153466K [0x0000000704a00000, 0x0000000800000000)
  region size 2048K, 75 young (153600K), 5 survivors (10240K)
}
Event: 65.235 {heap After GC invocations=10 (full 0):
 garbage-first heap   total reserved 4118528K, committed 260096K, used 10116K [0x0000000704a00000, 0x0000000800000000)
  region size 2048K, 5 young (10240K), 5 survivors (10240K)
}
Event: 72.922 {heap Before GC invocations=10 (full 0):
 garbage-first heap   total reserved 4118528K, committed 260096K, used 153476K [0x0000000704a00000, 0x0000000800000000)
  region size 2048K, 75 young (153600K), 5 survivors (10240K)
}
Event: 72.929 {heap After GC invocations=11 (full 0):
 garbage-first heap   total reserved 4118528K, committed 260096K, used 10546K [0x0000000704a00000, 0x0000000800000000)
  region size 2048K, 5 young (10240K), 5 survivors (10240K)
}
Event: 80.116 {heap Before GC invocations=11 (full 0):
 garbage-first heap   total reserved 4118528K, committed 260096K, used 153906K [0x0000000704a00000, 0x0000000800000000)
  region size 2048K, 75 young (153600K), 5 survivors (10240K)
}
Event: 80.121 {heap After GC invocations=12 (full 0):
 garbage-first heap   total reserved 4118528K, committed 260096K, used 10378K [0x0000000704a00000, 0x0000000800000000)
  region size 2048K, 5 young (10240K), 5 survivors (10240K)
}
Event: 87.074 {heap Before GC invocations=12 (full 0):
 garbage-first heap   total reserved 4118528K, committed 260096K, used 153738K [0x0000000704a00000, 0x0000000800000000)
  region size 2048K, 75 young (153600K), 5 survivors (10240K)
}
Event: 87.078 {heap After GC invocations=13 (full 0):
 garbage-first heap   total reserved 4118528K, committed 260096K, used 10535K [0x0000000704a00000, 0x0000000800000000)
  region size 2048K, 5 young (10240K), 5 survivors (10240K)
}

Metaspace Usage History (20 events):
Event: 21.740 {metaspace Before GC invocations=3 (full 0):
 Metaspace       used 13205K, committed 13504K, reserved 1114112K
  class space    used 1179K, committed 1344K, reserved 1048576K
}
Event: 21.745 {metaspace After GC invocations=4 (full 0):
 Metaspace       used 13205K, committed 13504K, reserved 1114112K
  class space    used 1179K, committed 1344K, reserved 1048576K
}
Event: 29.341 {metaspace Before GC invocations=4 (full 0):
 Metaspace       used 13256K, committed 13568K, reserved 1114112K
  class space    used 1180K, committed 1344K, reserved 1048576K
}
Event: 29.346 {metaspace After GC invocations=5 (full 0):
 Metaspace       used 13256K, committed 13568K, reserved 1114112K
  class space    used 1180K, committed 1344K, reserved 1048576K
}
Event: 36.396 {metaspace Before GC invocations=5 (full 0):
 Metaspace       used 13262K, committed 13568K, reserved 1114112K
  class space    used 1180K, committed 1344K, reserved 1048576K
}
Event: 36.402 {metaspace After GC invocations=6 (full 0):
 Metaspace       used 13262K, committed 13568K, reserved 1114112K
  class space    used 1180K, committed 1344K, reserved 1048576K
}
Event: 43.678 {metaspace Before GC invocations=6 (full 0):
 Metaspace       used 13283K, committed 13568K, reserved 1114112K
  class space    used 1180K, committed 1344K, reserved 1048576K
}
Event: 43.683 {metaspace After GC invocations=7 (full 0):
 Metaspace       used 13283K, committed 13568K, reserved 1114112K
  class space    used 1180K, committed 1344K, reserved 1048576K
}
Event: 50.774 {metaspace Before GC invocations=7 (full 0):
 Metaspace       used 13311K, committed 13568K, reserved 1114112K
  class space    used 1181K, committed 1344K, reserved 1048576K
}
Event: 50.779 {metaspace After GC invocations=8 (full 0):
 Metaspace       used 13311K, committed 13568K, reserved 1114112K
  class space    used 1181K, committed 1344K, reserved 1048576K
}
Event: 58.135 {metaspace Before GC invocations=8 (full 0):
 Metaspace       used 13321K, committed 13632K, reserved 1114112K
  class space    used 1181K, committed 1344K, reserved 1048576K
}
Event: 58.140 {metaspace After GC invocations=9 (full 0):
 Metaspace       used 13321K, committed 13632K, reserved 1114112K
  class space    used 1181K, committed 1344K, reserved 1048576K
}
Event: 65.230 {metaspace Before GC invocations=9 (full 0):
 Metaspace       used 13543K, committed 13824K, reserved 1114112K
  class space    used 1217K, committed 1344K, reserved 1048576K
}
Event: 65.235 {metaspace After GC invocations=10 (full 0):
 Metaspace       used 13543K, committed 13824K, reserved 1114112K
  class space    used 1217K, committed 1344K, reserved 1048576K
}
Event: 72.922 {metaspace Before GC invocations=10 (full 0):
 Metaspace       used 13561K, committed 13824K, reserved 1114112K
  class space    used 1220K, committed 1344K, reserved 1048576K
}
Event: 72.929 {metaspace After GC invocations=11 (full 0):
 Metaspace       used 13561K, committed 13824K, reserved 1114112K
  class space    used 1220K, committed 1344K, reserved 1048576K
}
Event: 80.116 {metaspace Before GC invocations=11 (full 0):
 Metaspace       used 13581K, committed 13888K, reserved 1114112K
  class space    used 1220K, committed 1344K, reserved 1048576K
}
Event: 80.121 {metaspace After GC invocations=12 (full 0):
 Metaspace       used 13581K, committed 13888K, reserved 1114112K
  class space    used 1220K, committed 1344K, reserved 1048576K
}
Event: 87.074 {metaspace Before GC invocations=12 (full 0):
 Metaspace       used 13641K, committed 13952K, reserved 1114112K
  class space    used 1220K, committed 1344K, reserved 1048576K
}
Event: 87.078 {metaspace After GC invocations=13 (full 0):
 Metaspace       used 13641K, committed 13952K, reserved 1114112K
  class space    used 1220K, committed 1344K, reserved 1048576K
}

Dll operation events (14 events):
Event: 0.010 Loaded shared library C:\Users\anqwe\.jdks\temurin-25.0.3\bin\java.dll
Event: 0.103 Loaded shared library C:\Users\anqwe\.jdks\temurin-25.0.3\bin\zip.dll
Event: 0.105 Loaded shared library C:\Users\anqwe\.jdks\temurin-25.0.3\bin\instrument.dll
Event: 0.109 Loaded shared library C:\Users\anqwe\.jdks\temurin-25.0.3\bin\net.dll
Event: 0.110 Loaded shared library C:\Users\anqwe\.jdks\temurin-25.0.3\bin\nio.dll
Event: 0.115 Loaded shared library C:\Users\anqwe\.jdks\temurin-25.0.3\bin\zip.dll
Event: 0.129 Loaded shared library C:\Users\anqwe\.jdks\temurin-25.0.3\bin\jimage.dll
Event: 0.171 Loaded shared library C:\Users\anqwe\.jdks\temurin-25.0.3\bin\extnet.dll
Event: 0.179 Loaded shared library C:\Users\anqwe\.jdks\temurin-25.0.3\bin\management.dll
Event: 0.187 Loaded shared library C:\Users\anqwe\.jdks\temurin-25.0.3\bin\management_ext.dll
Event: 0.199 Loaded shared library C:\Users\anqwe\AppData\Local\Temp\libgdxanqwe\2a9d7f76\gdx64.dll
Event: 0.250 Loaded shared library C:\Users\anqwe\AppData\Local\Temp\lwjgl_anqwe\3.3.3+5\x64\lwjgl.dll
Event: 0.635 Loaded shared library C:\Users\anqwe\AppData\Local\Temp\lwjgl_anqwe\3.3.3+5\x64\lwjgl_opengl.dll
Event: 1.254 Loaded shared library C:\Users\anqwe\AppData\Local\Temp\libgdxanqwe\5980c506\gdx-freetype64.dll

Deoptimization events (20 events):
Event: 62.261 Thread 0x000001d4a03ab550 Uncommon trap: trap_request=0xffffffde fr.pc=0x000001d4b2ec2be0 relative=0x0000000000000a60
Event: 62.261 Thread 0x000001d4a03ab550 Uncommon trap: reason=class_check action=maybe_recompile pc=0x000001d4b2ec2be0 method=java.util.HashMap.putVal(ILjava/lang/Object;Ljava/lang/Object;ZZ)Ljava/lang/Object; @ 91 c2
Event: 62.261 Thread 0x000001d4a03ab550 DEOPT PACKING pc=0x000001d4b2ec2be0 sp=0x0000000e404fe960
Event: 62.261 Thread 0x000001d4a03ab550 DEOPT UNPACKING pc=0x000001d4b2861702 sp=0x0000000e404fe888 mode 2
Event: 62.261 Thread 0x000001d4a03ab550 Uncommon trap: trap_request=0xffffffde fr.pc=0x000001d4b2ec2be0 relative=0x0000000000000a60
Event: 62.261 Thread 0x000001d4a03ab550 Uncommon trap: reason=class_check action=maybe_recompile pc=0x000001d4b2ec2be0 method=java.util.HashMap.putVal(ILjava/lang/Object;Ljava/lang/Object;ZZ)Ljava/lang/Object; @ 91 c2
Event: 62.261 Thread 0x000001d4a03ab550 DEOPT PACKING pc=0x000001d4b2ec2be0 sp=0x0000000e404fe960
Event: 62.261 Thread 0x000001d4a03ab550 DEOPT UNPACKING pc=0x000001d4b2861702 sp=0x0000000e404fe888 mode 2
Event: 62.264 Thread 0x000001d4a03ab550 Uncommon trap: trap_request=0xffffff45 fr.pc=0x000001d4b2fa66d4 relative=0x0000000000000054
Event: 62.264 Thread 0x000001d4a03ab550 Uncommon trap: reason=unstable_if action=reinterpret pc=0x000001d4b2fa66d4 method=java.lang.Enum.hashCode()I @ 6 c2
Event: 62.264 Thread 0x000001d4a03ab550 DEOPT PACKING pc=0x000001d4b2fa66d4 sp=0x0000000e404fe480
Event: 62.264 Thread 0x000001d4a03ab550 DEOPT UNPACKING pc=0x000001d4b2861702 sp=0x0000000e404fe410 mode 2
Event: 62.265 Thread 0x000001d4a03ab550 Uncommon trap: trap_request=0xffffffde fr.pc=0x000001d4b2f63bc4 relative=0x0000000000000b44
Event: 62.265 Thread 0x000001d4a03ab550 Uncommon trap: reason=class_check action=maybe_recompile pc=0x000001d4b2f63bc4 method=java.util.concurrent.ConcurrentHashMap.putVal(Ljava/lang/Object;Ljava/lang/Object;Z)Ljava/lang/Object; @ 242 c2
Event: 62.265 Thread 0x000001d4a03ab550 DEOPT PACKING pc=0x000001d4b2f63bc4 sp=0x0000000e404ff070
Event: 62.265 Thread 0x000001d4a03ab550 DEOPT UNPACKING pc=0x000001d4b2861702 sp=0x0000000e404feff0 mode 2
Event: 62.268 Thread 0x000001d4a03ab550 Uncommon trap: trap_request=0xffffff45 fr.pc=0x000001d4b2ede3cc relative=0x00000000000005cc
Event: 62.268 Thread 0x000001d4a03ab550 Uncommon trap: reason=unstable_if action=reinterpret pc=0x000001d4b2ede3cc method=java.lang.String.getBytes([BIB)V @ 5 c2
Event: 62.268 Thread 0x000001d4a03ab550 DEOPT PACKING pc=0x000001d4b2ede3cc sp=0x0000000e404fe8a0
Event: 62.268 Thread 0x000001d4a03ab550 DEOPT UNPACKING pc=0x000001d4b2861702 sp=0x0000000e404fe808 mode 2

Classes loaded (20 events):
Event: 3.132 Loading class sun/util/resources/LocaleData$CommonResourceBundleProvider
Event: 3.132 Loading class sun/util/resources/LocaleData$LocaleDataResourceBundleProvider
Event: 3.132 Loading class java/util/spi/ResourceBundleProvider
Event: 3.132 Loading class java/util/spi/ResourceBundleProvider done
Event: 3.132 Loading class sun/util/resources/LocaleData$LocaleDataResourceBundleProvider done
Event: 3.132 Loading class sun/util/resources/LocaleData$CommonResourceBundleProvider done
Event: 62.258 Loading class java/lang/reflect/AnnotatedType
Event: 62.258 Loading class java/lang/reflect/AnnotatedType done
Event: 62.261 Loading class sun/reflect/generics/repository/FieldRepository
Event: 62.262 Loading class sun/reflect/generics/repository/FieldRepository done
Event: 62.268 Loading class java/util/ConcurrentModificationException
Event: 62.268 Loading class java/util/ConcurrentModificationException done
Event: 62.272 Loading class jdk/internal/reflect/MethodHandleFloatFieldAccessorImpl
Event: 62.272 Loading class jdk/internal/reflect/MethodHandleFloatFieldAccessorImpl done
Event: 62.275 Loading class jdk/internal/reflect/MethodHandleBooleanFieldAccessorImpl
Event: 62.275 Loading class jdk/internal/reflect/MethodHandleBooleanFieldAccessorImpl done
Event: 62.280 Loading class java/io/FileOutputStream$1
Event: 62.280 Loading class java/io/FileOutputStream$1 done
Event: 92.036 Loading class jdk/internal/misc/Signal$1
Event: 92.036 Loading class jdk/internal/misc/Signal$1 done

Classes unloaded (0 events):
No events

Classes redefined (0 events):
No events

Internal exceptions (20 events):
Event: 2.722 Thread 0x000001d4a03ab550 Exception <a 'java/io/FileNotFoundException'{0x00000007145ba648}> (0x00000007145ba648) 
thrown [s\src\hotspot\share\prims\jni.cpp, line 516]
Event: 2.728 Thread 0x000001d4a03ab550 Exception <a 'java/io/FileNotFoundException'{0x00000007145e0178}> (0x00000007145e0178) 
thrown [s\src\hotspot\share\prims\jni.cpp, line 516]
Event: 2.786 Thread 0x000001d4a03ab550 Exception <a 'java/io/FileNotFoundException'{0x00000007142b5698}> (0x00000007142b5698) 
thrown [s\src\hotspot\share\prims\jni.cpp, line 516]
Event: 2.796 Thread 0x000001d4a03ab550 Exception <a 'java/io/FileNotFoundException'{0x00000007143053a8}> (0x00000007143053a8) 
thrown [s\src\hotspot\share\prims\jni.cpp, line 516]
Event: 2.808 Thread 0x000001d4a03ab550 Exception <a 'java/io/FileNotFoundException'{0x000000071432b298}> (0x000000071432b298) 
thrown [s\src\hotspot\share\prims\jni.cpp, line 516]
Event: 2.815 Thread 0x000001d4a03ab550 Exception <a 'java/io/FileNotFoundException'{0x0000000714350eb0}> (0x0000000714350eb0) 
thrown [s\src\hotspot\share\prims\jni.cpp, line 516]
Event: 2.848 Thread 0x000001d4a03ab550 Exception <a 'java/io/FileNotFoundException'{0x00000007143abf88}> (0x00000007143abf88) 
thrown [s\src\hotspot\share\prims\jni.cpp, line 516]
Event: 2.863 Thread 0x000001d4a03ab550 Exception <a 'java/io/FileNotFoundException'{0x00000007143dac08}> (0x00000007143dac08) 
thrown [s\src\hotspot\share\prims\jni.cpp, line 516]
Event: 2.871 Thread 0x000001d4a03ab550 Exception <a 'java/io/FileNotFoundException'{0x0000000714004768}> (0x0000000714004768) 
thrown [s\src\hotspot\share\prims\jni.cpp, line 516]
Event: 3.102 Thread 0x000001d4a03ab550 Exception <a 'java/io/FileNotFoundException'{0x0000000713c3b2e8}> (0x0000000713c3b2e8) 
thrown [s\src\hotspot\share\prims\jni.cpp, line 516]
Event: 3.111 Thread 0x000001d4a03ab550 Exception <a 'java/io/FileNotFoundException'{0x0000000713c62800}> (0x0000000713c62800) 
thrown [s\src\hotspot\share\prims\jni.cpp, line 516]
Event: 3.121 Thread 0x000001d4a03ab550 Exception <a 'java/lang/NoSuchMethodError'{0x0000000713c99098}: 'java.lang.Object java.lang.invoke.DirectMethodHandle$Holder.newInvokeSpecial(java.lang.Object, float)'> (0x0000000713c99098) 
thrown [s\src\hotspot\share\interpreter\linkResolver.cpp, line 804]
Event: 12.919 Thread 0x000001d4a03ab550 Implicit null exception at 0x000001d4b2f4513d to 0x000001d4b2f45a50
Event: 62.269 Thread 0x000001d4a03ab550 Exception <a 'java/lang/NoSuchMethodError'{0x000000070f2e6f88}: 'void java.lang.invoke.DelegatingMethodHandle$Holder.reinvoke_L(java.lang.Object, java.lang.Object, int)'> (0x000000070f2e6f88) 
thrown [s\src\hotspot\share\interpreter\linkResolver.cpp, line 804]
Event: 62.270 Thread 0x000001d4a03ab550 Exception <a 'java/lang/NoSuchMethodError'{0x000000070f2f7390}: 'int java.lang.invoke.Invokers$Holder.invokeExact_MT(java.lang.Object, java.lang.Object, java.lang.Object)'> (0x000000070f2f7390) 
thrown [s\src\hotspot\share\interpreter\linkResolver.cpp, line 804]
Event: 62.272 Thread 0x000001d4a03ab550 Exception <a 'java/lang/NoSuchMethodError'{0x000000070f310908}: 'float java.lang.invoke.DelegatingMethodHandle$Holder.reinvoke_L(java.lang.Object, java.lang.Object)'> (0x000000070f310908) 
thrown [s\src\hotspot\share\interpreter\linkResolver.cpp, line 804]
Event: 62.273 Thread 0x000001d4a03ab550 Exception <a 'java/lang/NoSuchMethodError'{0x000000070f328f28}: 'void java.lang.invoke.DelegatingMethodHandle$Holder.reinvoke_L(java.lang.Object, java.lang.Object, float)'> (0x000000070f328f28) 
thrown [s\src\hotspot\share\interpreter\linkResolver.cpp, line 804]
Event: 62.274 Thread 0x000001d4a03ab550 Exception <a 'java/lang/NoSuchMethodError'{0x000000070f3393e0}: 'float java.lang.invoke.Invokers$Holder.invokeExact_MT(java.lang.Object, java.lang.Object, java.lang.Object)'> (0x000000070f3393e0) 
thrown [s\src\hotspot\share\interpreter\linkResolver.cpp, line 804]
Event: 62.277 Thread 0x000001d4a03ab550 Exception <a 'java/lang/NoSuchMethodError'{0x000000070f35fd48}: 'void java.lang.invoke.DelegatingMethodHandle$Holder.reinvoke_L(java.lang.Object, java.lang.Object, long)'> (0x000000070f35fd48) 
thrown [s\src\hotspot\share\interpreter\linkResolver.cpp, line 804]
Event: 62.278 Thread 0x000001d4a03ab550 Exception <a 'java/lang/NoSuchMethodError'{0x000000070f370160}: 'long java.lang.invoke.Invokers$Holder.invokeExact_MT(java.lang.Object, java.lang.Object, java.lang.Object)'> (0x000000070f370160) 
thrown [s\src\hotspot\share\interpreter\linkResolver.cpp, line 804]

VM Operations (20 events):
Event: 43.683 Executing safepoint VM operation: G1CollectForAllocation (G1 Evacuation Pause) done
Event: 50.774 Executing safepoint VM operation: G1CollectForAllocation (G1 Evacuation Pause)
Event: 50.779 Executing safepoint VM operation: G1CollectForAllocation (G1 Evacuation Pause) done
Event: 58.135 Executing safepoint VM operation: G1CollectForAllocation (G1 Evacuation Pause)
Event: 58.140 Executing safepoint VM operation: G1CollectForAllocation (G1 Evacuation Pause) done
Event: 60.157 Executing non-safepoint VM operation: HandshakeAllThreads (HandshakeForDeflation)
Event: 60.157 Executing non-safepoint VM operation: HandshakeAllThreads (HandshakeForDeflation) done
Event: 60.157 Executing non-safepoint VM operation: RendezvousGCThreads
Event: 60.157 Executing non-safepoint VM operation: RendezvousGCThreads done
Event: 62.252 Executing non-safepoint VM operation: HandshakeAllThreads (Deoptimize)
Event: 62.252 Executing non-safepoint VM operation: HandshakeAllThreads (Deoptimize) done
Event: 65.230 Executing safepoint VM operation: G1CollectForAllocation (G1 Evacuation Pause)
Event: 65.235 Executing safepoint VM operation: G1CollectForAllocation (G1 Evacuation Pause) done
Event: 72.922 Executing safepoint VM operation: G1CollectForAllocation (G1 Evacuation Pause)
Event: 72.929 Executing safepoint VM operation: G1CollectForAllocation (G1 Evacuation Pause) done
Event: 80.116 Executing safepoint VM operation: G1CollectForAllocation (G1 Evacuation Pause)
Event: 80.121 Executing safepoint VM operation: G1CollectForAllocation (G1 Evacuation Pause) done
Event: 87.074 Executing safepoint VM operation: G1CollectForAllocation (G1 Evacuation Pause)
Event: 87.078 Executing safepoint VM operation: G1CollectForAllocation (G1 Evacuation Pause) done
Event: 92.037 Executing safepoint VM operation: Exit

Memory protections (0 events):
No events

Nmethod flushes (0 events):
No events

Events (20 events):
Event: 1.604 Thread 0x000001d4c2425620 Thread exited: 0x000001d4c2425620
Event: 1.804 Thread 0x000001d4c2424600 Thread exited: 0x000001d4c2424600
Event: 1.804 Thread 0x000001d4c24235e0 Thread exited: 0x000001d4c24235e0
Event: 2.305 Thread 0x000001d4c241d7b0 Thread added: 0x000001d4c7d77650
Event: 2.305 Thread 0x000001d4c241d7b0 Thread added: 0x000001d4c7d78e80
Event: 2.500 Thread 0x000001d4c7d78e80 Thread exited: 0x000001d4c7d78e80
Event: 2.706 Thread 0x000001d4c7d77650 Thread exited: 0x000001d4c7d77650
Event: 3.136 Thread 0x000001d4c241e540 Thread added: 0x000001d4c7d78e80
Event: 3.762 Thread 0x000001d4c7d78e80 Thread exited: 0x000001d4c7d78e80
Event: 7.260 Thread 0x000001d4c2423df0 Thread exited: 0x000001d4c2423df0
Event: 7.260 Thread 0x000001d4c241ed50 Thread exited: 0x000001d4c241ed50
Event: 7.336 Thread 0x000001d4c241e540 Thread exited: 0x000001d4c241e540
Event: 48.101 Thread 0x000001d4c241d7b0 Thread added: 0x000001d4c7d7df20
Event: 48.101 Thread 0x000001d4c241d7b0 Thread added: 0x000001d4c7d80770
Event: 48.920 Thread 0x000001d4c7d80770 Thread exited: 0x000001d4c7d80770
Event: 48.970 Thread 0x000001d4c7d7df20 Thread exited: 0x000001d4c7d7df20
Event: 92.036 Thread 0x000001d4c23db8b0 Thread added: 0x000001d4c240a2d0
Event: 92.037 Thread 0x000001d4c240a2d0 Thread added: 0x000001d4c240c210
Event: 92.037 Thread 0x000001d4c240c210 Thread exited: 0x000001d4c240c210
Event: 92.037 Thread 0x000001d4c240a2d0 Before exit entered


Dynamic libraries:
0x00007ff75f220000 - 0x00007ff75f22e000 	C:\Users\anqwe\.jdks\temurin-25.0.3\bin\java.exe
0x00007ffc44100000 - 0x00007ffc44366000 	C:\WINDOWS\SYSTEM32\ntdll.dll
0x00007ffc42140000 - 0x00007ffc42209000 	C:\WINDOWS\System32\KERNEL32.DLL
0x00007ffc41780000 - 0x00007ffc41b7a000 	C:\WINDOWS\System32\KERNELBASE.dll
0x00007ffc415a0000 - 0x00007ffc416ec000 	C:\WINDOWS\System32\ucrtbase.dll
0x00007ffc31070000 - 0x00007ffc3108e000 	C:\Users\anqwe\.jdks\temurin-25.0.3\bin\VCRUNTIME140.dll
0x00007ffc31090000 - 0x00007ffc310a6000 	C:\Users\anqwe\.jdks\temurin-25.0.3\bin\jli.dll
0x00007ffc42310000 - 0x00007ffc424d7000 	C:\WINDOWS\System32\USER32.dll
0x00007ffc41440000 - 0x00007ffc41467000 	C:\WINDOWS\System32\win32u.dll
0x00007ffc422d0000 - 0x00007ffc422fb000 	C:\WINDOWS\System32\GDI32.dll
0x00007ffc32010000 - 0x00007ffc322a2000 	C:\WINDOWS\WinSxS\amd64_microsoft.windows.common-controls_6595b64144ccf1df_6.0.26100.8521_none_3e08b75ce33403b3\COMCTL32.dll
0x00007ffc41470000 - 0x00007ffc4159b000 	C:\WINDOWS\System32\gdi32full.dll
0x00007ffc43600000 - 0x00007ffc436a9000 	C:\WINDOWS\System32\msvcrt.dll
0x00007ffc41390000 - 0x00007ffc41433000 	C:\WINDOWS\System32\msvcp_win.dll
0x00007ffc42f70000 - 0x00007ffc42fa2000 	C:\WINDOWS\System32\IMM32.DLL
0x00007ffc40b20000 - 0x00007ffc40b2c000 	C:\Users\anqwe\.jdks\temurin-25.0.3\bin\vcruntime140_1.dll
0x00007ffc16aa0000 - 0x00007ffc16b2d000 	C:\Users\anqwe\.jdks\temurin-25.0.3\bin\msvcp140.dll
0x00007ffb78320000 - 0x00007ffb7924a000 	C:\Users\anqwe\.jdks\temurin-25.0.3\bin\server\jvm.dll
0x00007ffc430f0000 - 0x00007ffc431a6000 	C:\WINDOWS\System32\ADVAPI32.dll
0x00007ffc42ab0000 - 0x00007ffc42b5a000 	C:\WINDOWS\System32\sechost.dll
0x00007ffc42e50000 - 0x00007ffc42f68000 	C:\WINDOWS\System32\RPCRT4.dll
0x00007ffc431c0000 - 0x00007ffc43240000 	C:\WINDOWS\System32\WS2_32.dll
0x00007ffc41040000 - 0x00007ffc4109e000 	C:\WINDOWS\SYSTEM32\POWRPROF.dll
0x00007ffc34750000 - 0x00007ffc34786000 	C:\WINDOWS\SYSTEM32\WINMM.dll
0x00007ffc3d3e0000 - 0x00007ffc3d3eb000 	C:\WINDOWS\SYSTEM32\VERSION.dll
0x00007ffc40f60000 - 0x00007ffc40f74000 	C:\WINDOWS\SYSTEM32\UMPDC.dll
0x00007ffc3f7f0000 - 0x00007ffc3f80b000 	C:\WINDOWS\SYSTEM32\kernel.appcore.dll
0x00007ffc3c1c0000 - 0x00007ffc3c1ca000 	C:\Users\anqwe\.jdks\temurin-25.0.3\bin\jimage.dll
0x00007ffc40bd0000 - 0x00007ffc40e12000 	C:\WINDOWS\SYSTEM32\DBGHELP.DLL
0x00007ffc43250000 - 0x00007ffc435d3000 	C:\WINDOWS\System32\combase.dll
0x00007ffc42fb0000 - 0x00007ffc43089000 	C:\WINDOWS\System32\OLEAUT32.dll
0x00007ffc40900000 - 0x00007ffc4093b000 	C:\WINDOWS\SYSTEM32\dbgcore.DLL
0x00007ffc41c40000 - 0x00007ffc41ce8000 	C:\WINDOWS\System32\bcryptPrimitives.dll
0x00007ffc39970000 - 0x00007ffc3997f000 	C:\Users\anqwe\.jdks\temurin-25.0.3\bin\instrument.dll
0x00007ffc31050000 - 0x00007ffc3106e000 	C:\Users\anqwe\.jdks\temurin-25.0.3\bin\java.dll
0x00007ffc42b60000 - 0x00007ffc42cf8000 	C:\WINDOWS\System32\ole32.dll
0x00007ffc436b0000 - 0x00007ffc43e34000 	C:\WINDOWS\System32\SHELL32.dll
0x00007ffc3e4e0000 - 0x00007ffc3ed60000 	C:\WINDOWS\SYSTEM32\windows.storage.dll
0x00007ffc42d50000 - 0x00007ffc42e46000 	C:\WINDOWS\System32\SHCORE.dll
0x00007ffc41e70000 - 0x00007ffc41ed7000 	C:\WINDOWS\System32\shlwapi.dll
0x00007ffc412b0000 - 0x00007ffc412d9000 	C:\WINDOWS\SYSTEM32\profapi.dll
0x00007ffc16a60000 - 0x00007ffc16a76000 	C:\Users\anqwe\.jdks\temurin-25.0.3\bin\zip.dll
0x00007ffc31030000 - 0x00007ffc31041000 	C:\Users\anqwe\.jdks\temurin-25.0.3\bin\net.dll
0x00007ffc3fd20000 - 0x00007ffc3fd8c000 	C:\WINDOWS\system32\mswsock.dll
0x00007ffc19cc0000 - 0x00007ffc19cd6000 	C:\Users\anqwe\.jdks\temurin-25.0.3\bin\nio.dll
0x00007ffc3f270000 - 0x00007ffc3f3ba000 	C:\WINDOWS\SYSTEM32\DNSAPI.dll
0x00007ffc3fb20000 - 0x00007ffc3fb2d000 	C:\WINDOWS\SYSTEM32\DSPARSE.dll
0x00007ffc3f230000 - 0x00007ffc3f263000 	C:\WINDOWS\SYSTEM32\IPHLPAPI.DLL
0x00007ffc431b0000 - 0x00007ffc431ba000 	C:\WINDOWS\System32\NSI.dll
0x00007ffc27be0000 - 0x00007ffc27be9000 	C:\Users\anqwe\.jdks\temurin-25.0.3\bin\extnet.dll
0x00007ffc363b0000 - 0x00007ffc363bb000 	C:\Windows\System32\rasadhlp.dll
0x00007ffc374f0000 - 0x00007ffc37576000 	C:\WINDOWS\System32\fwpuclnt.dll
0x00007ffc39960000 - 0x00007ffc3996a000 	C:\Users\anqwe\.jdks\temurin-25.0.3\bin\management.dll
0x00007ffc33510000 - 0x00007ffc3351c000 	C:\Users\anqwe\.jdks\temurin-25.0.3\bin\management_ext.dll
0x00007ffc42aa0000 - 0x00007ffc42aa8000 	C:\WINDOWS\System32\PSAPI.DLL
0x000000006e700000 - 0x000000006e72d000 	C:\Users\anqwe\AppData\Local\Temp\libgdxanqwe\2a9d7f76\gdx64.dll
0x00007ffbc30d0000 - 0x00007ffbc314b000 	C:\Users\anqwe\AppData\Local\Temp\lwjgl_anqwe\3.3.3+5\x64\lwjgl.dll
0x00007ffb8a080000 - 0x00007ffb8a2f0000 	C:\Users\anqwe\AppData\Local\Temp\lwjgl_anqwe\3.3.3+5\x64\jemalloc.dll
0x00007ffbc1de0000 - 0x00007ffbc1e62000 	C:\Users\anqwe\AppData\Local\Temp\lwjgl_anqwe\3.3.3+5\x64\glfw.dll
0x00007ffc40f40000 - 0x00007ffc40f5b000 	C:\WINDOWS\SYSTEM32\CRYPTSP.dll
0x00007ffc3fe60000 - 0x00007ffc3fe99000 	C:\WINDOWS\system32\rsaenh.dll
0x00007ffc3fd90000 - 0x00007ffc3fdc3000 	C:\WINDOWS\SYSTEM32\USERENV.dll
0x00007ffc41280000 - 0x00007ffc412aa000 	C:\WINDOWS\SYSTEM32\bcrypt.dll
0x00007ffc40260000 - 0x00007ffc4026c000 	C:\WINDOWS\SYSTEM32\CRYPTBASE.dll
0x00007ffc1caf0000 - 0x00007ffc1cb3b000 	C:\WINDOWS\SYSTEM32\dinput8.dll
0x00007ffc19220000 - 0x00007ffc1923c000 	C:\WINDOWS\SYSTEM32\xinput1_4.dll
0x00007ffc40fd0000 - 0x00007ffc41021000 	C:\WINDOWS\SYSTEM32\cfgmgr32.dll
0x00007ffc40f80000 - 0x00007ffc40fad000 	C:\WINDOWS\SYSTEM32\DEVOBJ.dll
0x00007ffc3d880000 - 0x00007ffc3d8af000 	C:\WINDOWS\SYSTEM32\dwmapi.dll
0x00007ffc28310000 - 0x00007ffc284f5000 	C:\WINDOWS\SYSTEM32\inputhost.dll
0x00007ffc3c830000 - 0x00007ffc3c955000 	C:\WINDOWS\SYSTEM32\CoreMessaging.dll
0x00007ffc3d3f0000 - 0x00007ffc3d49a000 	C:\WINDOWS\system32\uxtheme.dll
0x00007ffc2e2e0000 - 0x00007ffc2e2f8000 	C:\WINDOWS\system32\napinsp.dll
0x00007ffc2e110000 - 0x00007ffc2e123000 	C:\WINDOWS\System32\winrnr.dll
0x00007ffc43e50000 - 0x00007ffc43fad000 	C:\WINDOWS\System32\MSCTF.dll
0x00007ffc2d270000 - 0x00007ffc2d292000 	C:\WINDOWS\system32\nlansp_c.dll
0x00007ffc37fa0000 - 0x00007ffc37fb6000 	C:\WINDOWS\system32\wshbth.dll
0x00007ffb75750000 - 0x00007ffb75917000 	C:\Users\anqwe\AppData\Local\Temp\lwjgl_anqwe\3.3.3+5\x64\OpenAL.dll
0x00007ffc42210000 - 0x00007ffc422be000 	C:\WINDOWS\System32\clbcatq.dll
0x00007ffc38040000 - 0x00007ffc380e3000 	C:\WINDOWS\System32\MMDevApi.dll
0x00007ffc361b0000 - 0x00007ffc36364000 	C:\WINDOWS\SYSTEM32\AUDIOSES.DLL
0x00007ffc3d9d0000 - 0x00007ffc3d9e4000 	C:\WINDOWS\SYSTEM32\resourcepolicyclient.dll
0x00007ffc2cfa0000 - 0x00007ffc2cff8000 	C:\WINDOWS\SYSTEM32\pdh.dll
0x00007ffc0fa80000 - 0x00007ffc0fb8c000 	C:\WINDOWS\SYSTEM32\opengl32.dll
0x00007ffc19870000 - 0x00007ffc1989d000 	C:\WINDOWS\SYSTEM32\GLU32.dll
0x00007ffc3d6a0000 - 0x00007ffc3d6e4000 	C:\WINDOWS\SYSTEM32\dxcore.dll
0x00007ffc37ec0000 - 0x00007ffc37f1f000 	C:\WINDOWS\SYSTEM32\directxdatabasehelper.dll
0x00007ffc28040000 - 0x00007ffc2805d000 	C:\WINDOWS\SYSTEM32\windows.staterepositorycore.dll
0x00007ffb746c0000 - 0x00007ffb75747000 	C:\WINDOWS\System32\DriverStore\FileRepository\iigd_dch.inf_amd64_357acc06f2c40efb\igxelpicd64.dll
0x00007ffc3d6f0000 - 0x00007ffc3d82a000 	C:\WINDOWS\system32\dxgi.dll
0x00007ffb919c0000 - 0x00007ffb91afc000 	C:\WINDOWS\System32\DriverStore\FileRepository\iigd_dch.inf_amd64_357acc06f2c40efb\igdml64.dll
0x00007ffc222a0000 - 0x00007ffc226a9000 	C:\WINDOWS\System32\DriverStore\FileRepository\iigd_dch.inf_amd64_357acc06f2c40efb\igdgmm64.dll
0x00007ffc416f0000 - 0x00007ffc41773000 	C:\WINDOWS\System32\WINTRUST.dll
0x00007ffc41cf0000 - 0x00007ffc41e68000 	C:\WINDOWS\System32\CRYPT32.dll
0x00007ffc402b0000 - 0x00007ffc402c3000 	C:\WINDOWS\SYSTEM32\MSASN1.dll
0x00007ffc1cb40000 - 0x00007ffc211c4000 	C:\WINDOWS\System32\DriverStore\FileRepository\iigd_dch.inf_amd64_357acc06f2c40efb\igc64.dll
0x00007ffbd7f40000 - 0x00007ffbd7f9e000 	C:\Users\anqwe\AppData\Local\Temp\lwjgl_anqwe\3.3.3+5\x64\lwjgl_opengl.dll
0x00007ffc31440000 - 0x00007ffc31588000 	C:\WINDOWS\SYSTEM32\textinputframework.dll
0x00007ffc294e0000 - 0x00007ffc297c4000 	C:\WINDOWS\SYSTEM32\CoreUIComponents.dll
0x00007ffc3a0d0000 - 0x00007ffc3a23a000 	C:\WINDOWS\SYSTEM32\wintypes.dll
0x00007ffc1c190000 - 0x00007ffc1c1a2000 	C:\WINDOWS\System32\perfproc.dll
0x00007ffc1be60000 - 0x00007ffc1be71000 	C:\WINDOWS\System32\perfos.dll
0x00007ffc3d3c0000 - 0x00007ffc3d3d2000 	C:\WINDOWS\SYSTEM32\pfclient.dll
0x000000006a340000 - 0x000000006a3f4000 	C:\Users\anqwe\AppData\Local\Temp\libgdxanqwe\5980c506\gdx-freetype64.dll

JVMTI agents:
C:\Program Files\JetBrains\IntelliJ IDEA 2026.1.2\lib\idea_rt.jar path:C:\Users\anqwe\.jdks\temurin-25.0.3\bin\instrument.dll, loaded, initialized, instrumentlib options:52810

dbghelp: loaded successfully - version: 4.0.5 - missing functions: none
symbol engine: initialized successfully - sym options: 0x614 - pdb path: .;C:\Users\anqwe\.jdks\temurin-25.0.3\bin;C:\WINDOWS\SYSTEM32;C:\WINDOWS\WinSxS\amd64_microsoft.windows.common-controls_6595b64144ccf1df_6.0.26100.8521_none_3e08b75ce33403b3;C:\Users\anqwe\.jdks\temurin-25.0.3\bin\server;C:\Users\anqwe\AppData\Local\Temp\libgdxanqwe\2a9d7f76;C:\Users\anqwe\AppData\Local\Temp\lwjgl_anqwe\3.3.3+5\x64;C:\WINDOWS\System32\DriverStore\FileRepository\iigd_dch.inf_amd64_357acc06f2c40efb;C:\Users\anqwe\AppData\Local\Temp\libgdxanqwe\5980c506

VM Arguments:
jvm_args: -javaagent:C:\Program Files\JetBrains\IntelliJ IDEA 2026.1.2\lib\idea_rt.jar=52810 -Dfile.encoding=UTF-8 -Dsun.stdout.encoding=UTF-8 -Dsun.stderr.encoding=UTF-8 
java_command: com.spacefarm.DesktopLauncher
java_class_path (initial): E:\NAUKMA\space-farm\target\test-classes;E:\NAUKMA\space-farm\target\classes;C:\Users\anqwe\.m2\repository\com\badlogicgames\gdx\gdx\1.12.1\gdx-1.12.1.jar;C:\Users\anqwe\.m2\repository\com\badlogicgames\gdx\gdx-jnigen-loader\2.3.1\gdx-jnigen-loader-2.3.1.jar;C:\Users\anqwe\.m2\repository\com\badlogicgames\gdx\gdx-backend-lwjgl3\1.12.1\gdx-backend-lwjgl3-1.12.1.jar;C:\Users\anqwe\.m2\repository\org\lwjgl\lwjgl\3.3.3\lwjgl-3.3.3.jar;C:\Users\anqwe\.m2\repository\org\lwjgl\lwjgl\3.3.3\lwjgl-3.3.3-natives-linux.jar;C:\Users\anqwe\.m2\repository\org\lwjgl\lwjgl\3.3.3\lwjgl-3.3.3-natives-linux-arm32.jar;C:\Users\anqwe\.m2\repository\org\lwjgl\lwjgl\3.3.3\lwjgl-3.3.3-natives-linux-arm64.jar;C:\Users\anqwe\.m2\repository\org\lwjgl\lwjgl\3.3.3\lwjgl-3.3.3-natives-macos.jar;C:\Users\anqwe\.m2\repository\org\lwjgl\lwjgl\3.3.3\lwjgl-3.3.3-natives-macos-arm64.jar;C:\Users\anqwe\.m2\repository\org\lwjgl\lwjgl\3.3.3\lwjgl-3.3.3-natives-windows.jar;C:\Users\anqwe\.m2\repository\org\lwjgl\lwjgl\3.3.3\lwjgl-3.3.3-natives-windows-x86.jar;C:\Users\anqwe\.m2\repository\org\lwjgl\lwjgl-glfw\3.3.3\lwjgl-glfw-3.3.3.jar;C:\Users\anqwe\.m2\repository\org\lwjgl\lwjgl-glfw\3.3.3\lwjgl-glfw-3.3.3-natives-linux.jar;C:\Users\anqwe\.m2\repository\org\lwjgl\lwjgl-glfw\3.3.3\lwjgl-glfw-3.3.3-natives-linux-arm32.jar;C:\Users\anqwe\.m2\repository\org\lwjgl\lwjgl-glfw\3.3.3\lwjgl-glfw-3.3.3-natives-linux-arm64.jar;C:\Users\anqwe\.m2\repository\org\lwjgl\lwjgl-glfw\3.3.3\lwjgl-glfw-3.3.3-natives-macos.jar;C:\Users\anqwe\.m2\repository\org\lwjgl\lwjgl-glfw\3.3.3\lwjgl-glfw-3.3.3-natives-macos-arm64.jar;C:\Users\anqwe\.m2\repository\org\lwjgl\lwjgl-glfw\3.3.3\lwjgl-glfw-3.3.3-natives-windows.jar;C:\Users\anqwe\.m2\repository\org\lwjgl\lwjgl-glfw\3.3.3\lwjgl-glfw-3.3.3-natives-windows-x86.jar;C:\Users\anqwe\.m2\repository\org\lwjgl\lwjgl-jemalloc\3.3.3\lwjgl-jemalloc-3.3.3.jar;C:\Users\anqwe\.m2\repository\org\lwjgl\lwjgl-jemalloc\3.3.3\lwjgl-jemalloc-3.3.3-natives-linux.jar;C:\Users\anqwe\.m2\repository\org\lwjgl\lwjgl-jemalloc\3.3.3\lwjgl-jemalloc-3.3.3-natives-linux-arm32.jar;C:\Users\anqwe\.m2\repository\org\lwjgl\lwjgl-jemalloc\3.3.3\lwjgl-jemalloc-3.3.3-natives-linux-arm64.jar;C:\Users\anqwe\.m2\repository\org\lwjgl\lwjgl-jemalloc\3.3.3\lwjgl-jemalloc-3.3.3-natives-macos.jar;C:\Users\anqwe\.m2\repository\org\lwjgl\lwjgl-jemalloc\3.3.3\lwjgl-jemalloc-3.3.3-natives-macos-arm64.jar;C:\Users\anqwe\.m2\repository\org\lwjgl\lwjgl-jemalloc\3.3.3\lwjgl-jemalloc-3.3.3-natives-windows.jar;C:\Users\anqwe\.m2\repository\org\lwjgl\lwjgl-jemalloc\3.3.3\lwjgl-jemalloc-3.3.3-natives-windows-x86.jar;C:\Users\anqwe\.m2\repository\org\lwjgl\lwjgl-openal\3.3.3\lwjgl-openal-3.3.3.jar;C:\Users\anqwe\.m2\repository\org\lwjgl\lwjgl-openal\3.3.3\lwjgl-openal-3.3.3-natives-linux.jar;C:\Users\anqwe\.m2\repository\org\lwjgl\lwjgl-openal\3.3.3\lwjgl-openal-3.3.3-natives-linux-arm32.jar;C:\Users\anqwe\.m2\repository\org\lwjgl\lwjgl-openal\3.3.3\lwjgl-openal-3.3.3-natives-linux-arm64.jar;C:\Users\anqwe\.m2\repository\org\lwjgl\lwjgl-openal\3.3.3\lwjgl-openal-3.3.3-natives-macos.jar;C:\Users\anqwe\.m2\repository\org\lwjgl\lwjgl-openal\3.3.3\lwjgl-openal-3.3.3-natives-macos-arm64.jar;C:\Users\anqwe\.m2\repository\org\lwjgl\lwjgl-openal\3.3.3\lwjgl-openal-3.3.3-natives-windows.jar;C:\Users\anqwe\.m2\repository\org\lwjgl\lwjgl-openal\3.3.3\lwjgl-openal-3.3.3-natives-windows-x86.jar;C:\Users\anqwe\.m2\repository\org\lwjgl\lwjgl-opengl\3.3.3\lwjgl-opengl-3.3.3.jar;C:\Users\anqwe\.m2\repository\org\lwjgl\lwjgl-opengl\3.3.3\lwjgl-opengl-3.3.3-natives-linux.jar;C:\Users\anqwe\.m2\repository\org\lwjgl\lwjgl-opengl\3.3.3\lwjgl-opengl-3.3.3-natives-linux-arm32.jar;C:\Users\anqwe\.m2\repository\org\lwjgl\lwjgl-opengl\3.3.3\lwjgl-opengl-3.3.3-natives-linux-arm64.jar;C:\Users\anqwe\.m2\repository\org\lwjgl\lwjgl-opengl\3.3.3\lwjgl-opengl-3.3.3-natives-macos.jar;C:\Users\anqwe\.m2\repository\org\lwjgl\lwjgl-opengl\3.3.3\lwjgl-opengl-3.3.3-natives-macos-arm64.jar;C:\Users\anqwe\.m2\repository\org\lwjgl\lwjgl-opengl\3.3.3\lwjgl-opengl-3.3.3-natives-windows.jar;C:\Users\anqwe\.m2\repository\org\lwjgl\lwjgl-opengl\3.3.3\lwjgl-opengl-3.3.3-natives-windows-x86.jar;C:\Users\anqwe\.m2\repository\org\lwjgl\lwjgl-stb\3.3.3\lwjgl-stb-3.3.3.jar;C:\Users\anqwe\.m2\repository\org\lwjgl\lwjgl-stb\3.3.3\lwjgl-stb-3.3.3-natives-linux.jar;C:\Users\anqwe\.m2\repository\org\lwjgl\lwjgl-stb\3.3.3\lwjgl-stb-3.3.3-natives-linux-arm32.jar;C:\Users\anqwe\.m2\repository\org\lwjgl\lwjgl-stb\3.3.3\lwjgl-stb-3.3.3-natives-linux-arm64.jar;C:\Users\anqwe\.m2\repository\org\lwjgl\lwjgl-stb\3.3.3\lwjgl-stb-3.3.3-natives-macos.jar;C:\Users\anqwe\.m2\repository\org\lwjgl\lwjgl-stb\3.3.3\lwjgl-stb-3.3.3-natives-macos-arm64.jar;C:\Users\anqwe\.m2\repository\org\lwjgl\lwjgl-stb\3.3.3\lwjgl-stb-3.3.3-natives-windows.jar;C:\Users\anqwe\.m2\repository\org\lwjgl\lwjgl-stb\3.3.3\lwjgl-stb-3.3.3-natives-windows-x86.jar;C:\Users\anqwe\.m2\repository\com\badlogicgames\jlayer\jlayer\1.0.1-gdx\jlayer-1.0.1-gdx.jar;C:\Users\anqwe\.m2\repository\org\jcraft\jorbis\0.0.17\jorbis-0.0.17.jar;C:\Users\anqwe\.m2\repository\com\badlogicgames\gdx\gdx-platform\1.12.1\gdx-platform-1.12.1-natives-desktop.jar;C:\Users\anqwe\.m2\repository\com\badlogicgames\gdx\gdx-freetype\1.12.1\gdx-freetype-1.12.1.jar;C:\Users\anqwe\.m2\repository\com\badlogicgames\gdx\gdx-freetype-platform\1.12.1\gdx-freetype-platform-1.12.1-natives-desktop.jar;C:\Users\anqwe\.m2\repository\com\google\code\gson\gson\2.10.1\gson-2.10.1.jar;C:\Users\anqwe\.m2\repository\org\junit\jupiter\junit-jupiter\5.10.2\junit-jupiter-5.10.2.jar;C:\Users\anqwe\.m2\repository\org\junit\jupiter\junit-jupiter-api\5.10.2\junit-jupiter-api-5.10.2.jar;C:\Users\anqwe\.m2\repository\org\opentest4j\opentest4j\1.3.0\opentest4j-1.3.0.jar;C:\Users\anqwe\.m2\repository\org\junit\platform\junit-platform-commons\1.10.2\junit-platform-commons-1.10.2.jar;C:\Users\anqwe\.m2\repository\org\apiguardian\apiguardian-api\1.1.2\apiguardian-api-1.1.2.jar;C:\Users\anqwe\.m2\repository\org\junit\jupiter\junit-jupiter-params\5.10.2\junit-jupiter-params-5.10.2.jar;C:\Users\anqwe\.m2\repository\org\junit\jupiter\junit-jupiter-engine\5.10.2\junit-jupiter-engine-5.10.2.jar;C:\Users\anqwe\.m2\repository\org\junit\platform\junit-platform-engine\1.10.2\junit-platform-engine-1.10.2.jar
Launcher Type: SUN_STANDARD

[Global flags]
     intx CICompilerCount                          = 12                                        {product} {ergonomic}
     uint ConcGCThreads                            = 3                                         {product} {ergonomic}
     uint G1ConcRefinementThreads                  = 13                                        {product} {ergonomic}
   size_t G1HeapRegionSize                         = 2097152                                   {product} {ergonomic}
   size_t InitialHeapSize                          = 264241152                                 {product} {ergonomic}
   size_t MarkStackSize                            = 4194304                                   {product} {ergonomic}
   size_t MarkStackSizeMax                         = 536870912                                 {product} {ergonomic}
   size_t MaxHeapSize                              = 4217372672                                {product} {ergonomic}
   size_t MaxNewSize                               = 2529165312                                {product} {ergonomic}
   size_t MinHeapDeltaBytes                        = 2097152                                   {product} {ergonomic}
   size_t MinHeapSize                              = 8388608                                   {product} {ergonomic}
    uintx NonNMethodCodeHeapSize                   = 7667712                                {pd product} {ergonomic}
    uintx NonProfiledCodeHeapSize                  = 122028032                              {pd product} {ergonomic}
    uintx ProfiledCodeHeapSize                     = 122028032                              {pd product} {ergonomic}
    uintx ReservedCodeCacheSize                    = 251723776                              {pd product} {ergonomic}
     bool SegmentedCodeCache                       = true                                      {product} {ergonomic}
   size_t SoftMaxHeapSize                          = 4217372672                             {manageable} {ergonomic}
     bool UseCompressedOops                        = true                           {product lp64_product} {ergonomic}
     bool UseG1GC                                  = true                                      {product} {ergonomic}
     bool UseLargePagesIndividualAllocation        = false                                  {pd product} {ergonomic}

Logging:
Log output configuration:
 #0: stdout all=off uptime,level,tags foldmultilines=false
 #1: stderr all=off uptime,level,tags foldmultilines=false

Release file:
IMPLEMENTOR="Eclipse Adoptium" 
IMPLEMENTOR_VERSION="Temurin-25.0.3+9" 
JAVA_RUNTIME_VERSION="25.0.3+9-LTS" 
JAVA_VERSION="25.0.3" 
JAVA_VERSION_DATE="2026-04-21" 
LIBC="default" 
MODULES="java.base java.compiler java.datatransfer java.xml java.prefs java.desktop java.instrument java.logging java.management java.security.sasl java.naming java.rmi java.management.rmi java.net.http java.scripting java.security.jgss java.transaction.xa java.sql java.sql.rowset java.xml.crypto java.se java.smartcardio jdk.accessibility jdk.internal.jvmstat jdk.attach jdk.charsets jdk.internal.opt jdk.zipfs jdk.compiler jdk.crypto.cryptoki jdk.crypto.ec jdk.crypto.mscapi jdk.dynalink jdk.internal.ed jdk.editpad jdk.internal.vm.ci jdk.graal.compiler jdk.graal.compiler.management jdk.hotspot.agent jdk.httpserver jdk.incubator.vector jdk.internal.le jdk.internal.md jdk.jartool jdk.javadoc jdk.jcmd jdk.management jdk.management.agent jdk.jconsole jdk.jdeps jdk.jdwp.agent jdk.jdi jdk.jfr jdk.jlink jdk.jpackage jdk.jshell jdk.jsobject jdk.jstatd jdk.localedata jdk.management.jfr jdk.naming.dns jdk.naming.rmi jdk.net jdk.nio.mapmode jdk.sctp jdk.security.auth jdk.security.jgss jdk.unsupported jdk.unsupported.desktop jdk.xml.dom" 
OS_ARCH="x86_64" 
OS_NAME="Windows" 
SOURCE=".:git:cda0a1776184" 
BUILD_SOURCE="git:a612825ee82a20ac872d60958c349854c1f29a8e"
BUILD_SOURCE_REPO="https://github.com/adoptium/temurin-build.git"
SOURCE_REPO="https://github.com/adoptium/jdk25u.git"
FULL_VERSION="25.0.3+9-LTS"
SEMANTIC_VERSION="25.0.3+9"
BUILD_INFO="OS: Windows Server 2022 Version: 10.0"
JVM_VARIANT="Hotspot"
JVM_VERSION="25.0.3+9-LTS"
IMAGE_TYPE="JDK"

Environment Variables:
PATH=C:\Program Files\Common Files\Oracle\Java\javapath;C:\WINDOWS\system32;C:\WINDOWS;C:\WINDOWS\System32\Wbem;C:\WINDOWS\System32\WindowsPowerShell\v1.0\;C:\WINDOWS\System32\OpenSSH\;C:\Program Files\NVIDIA Corporation\NVIDIA App\NvDLISR;C:\Program Files (x86)\NVIDIA Corporation\PhysX\Common;C:\Program Files\dotnet\;C:\Program Files\Git\cmd;C:\Program Files\nodejs\;C:\Users\anqwe\AppData\Local\Microsoft\WindowsApps;C:\Users\anqwe\AppData\Local\Programs\Microsoft VS Code\bin;C:\Users\anqwe\AppData\Roaming\npm
USERNAME=anqwe
OS=Windows_NT
PROCESSOR_IDENTIFIER=Intel64 Family 6 Model 141 Stepping 1, GenuineIntel
TMP=C:\Users\anqwe\AppData\Local\Temp
TEMP=C:\Users\anqwe\AppData\Local\Temp




Compilation memory statistics disabled.

Periodic native trim disabled

---------------  S Y S T E M  ---------------

OS:
 Windows 11 , 64 bit Build 26100 (10.0.26100.8521)
OS uptime: 1 days 20:38 hours

CPU: total 16 (initial active 16) (8 cores per cpu, 2 threads per core) family 6 model 141 stepping 1 microcode 0x26, cx8, cmov, fxsr, ht, mmx, 3dnowpref, sse, sse2, sse3, ssse3, sse4.1, sse4.2, popcnt, lzcnt, tsc, tscinvbit, avx, avx2, aes, erms, clmul, bmi1, bmi2, adx, avx512f, avx512dq, avx512cd, avx512bw, avx512vl, sha, fma, vzeroupper, avx512_vpopcntdq, avx512_vpclmulqdq, avx512_vaes, avx512_vnni, clflush, clflushopt, clwb, avx512_vbmi2, avx512_vbmi, rdtscp, rdpid, fsrm, gfni, avx512_bitalg, f16c, pku, cet_ibt, cet_ss, avx512_ifma
Processor Information for the first 16 processors :
  Max Mhz: 2301, Current Mhz: 2301, Mhz Limit: 2301

Memory: 4k page, system-wide physical 16085M (1657M free)
TotalPageFile size 25301M (AvailPageFile size 5626M)
current process WorkingSet (physical memory assigned to process): 490M, peak: 518M
current process commit charge ("private bytes"): 576M, peak: 652M

vm_info: OpenJDK 64-Bit Server VM (25.0.3+9-LTS) for windows-amd64 JRE (25.0.3+9-LTS), built on 2026-04-21T00:00:00Z with MS VC++ 17.12 (VS2022)

END.
